Component: ARM Compiler 5.06 update 4 (build 422) Tool: armlink [4d35d2]

==============================================================================

Section Cross References

    iic.o(i.IIC_ACK) refers to stm32f3xx_hal_gpio.o(i.HAL_GPIO_WritePin) for HAL_GPIO_WritePin
    iic.o(i.IIC_ACK) refers to iic.o(i.IIC_Delay) for IIC_Delay
    iic.o(i.IIC_NACK) refers to stm32f3xx_hal_gpio.o(i.HAL_GPIO_WritePin) for HAL_GPIO_WritePin
    iic.o(i.IIC_NACK) refers to iic.o(i.IIC_Delay) for IIC_Delay
    iic.o(i.IIC_ReadBuffer) refers to iic.o(i.IIC_Start) for IIC_Start
    iic.o(i.IIC_ReadBuffer) refers to iic.o(i.IIC_SendByte) for IIC_SendByte
    iic.o(i.IIC_ReadBuffer) refers to iic.o(i.IIC_WaitACK) for IIC_WaitACK
    iic.o(i.IIC_ReadBuffer) refers to iic.o(i.IIC_Stop) for IIC_Stop
    iic.o(i.IIC_ReadBuffer) refers to iic.o(i.IIC_ReadByte) for IIC_ReadByte
    iic.o(i.IIC_ReadBuffer) refers to iic.o(i.IIC_NACK) for IIC_NACK
    iic.o(i.IIC_ReadBuffer) refers to iic.o(i.IIC_ACK) for IIC_ACK
    iic.o(i.IIC_ReadByte) refers to stm32f3xx_hal_gpio.o(i.HAL_GPIO_WritePin) for HAL_GPIO_WritePin
    iic.o(i.IIC_ReadByte) refers to iic.o(i.IIC_Delay) for IIC_Delay
    iic.o(i.IIC_ReadByte) refers to stm32f3xx_hal_gpio.o(i.HAL_GPIO_ReadPin) for HAL_GPIO_ReadPin
    iic.o(i.IIC_SendBuffer) refers to iic.o(i.IIC_Start) for IIC_Start
    iic.o(i.IIC_SendBuffer) refers to iic.o(i.IIC_SendByte) for IIC_SendByte
    iic.o(i.IIC_SendBuffer) refers to iic.o(i.IIC_WaitACK) for IIC_WaitACK
    iic.o(i.IIC_SendBuffer) refers to iic.o(i.IIC_Stop) for IIC_Stop
    iic.o(i.IIC_SendByte) refers to stm32f3xx_hal_gpio.o(i.HAL_GPIO_WritePin) for HAL_GPIO_WritePin
    iic.o(i.IIC_SendByte) refers to iic.o(i.IIC_Delay) for IIC_Delay
    iic.o(i.IIC_SingleRead) refers to iic.o(i.IIC_Start) for IIC_Start
    iic.o(i.IIC_SingleRead) refers to iic.o(i.IIC_SendByte) for IIC_SendByte
    iic.o(i.IIC_SingleRead) refers to iic.o(i.IIC_WaitACK) for IIC_WaitACK
    iic.o(i.IIC_SingleRead) refers to iic.o(i.IIC_Stop) for IIC_Stop
    iic.o(i.IIC_SingleRead) refers to iic.o(i.IIC_ReadByte) for IIC_ReadByte
    iic.o(i.IIC_SingleRead) refers to iic.o(i.IIC_NACK) for IIC_NACK
    iic.o(i.IIC_SingleSend) refers to iic.o(i.IIC_Start) for IIC_Start
    iic.o(i.IIC_SingleSend) refers to iic.o(i.IIC_SendByte) for IIC_SendByte
    iic.o(i.IIC_SingleSend) refers to iic.o(i.IIC_WaitACK) for IIC_WaitACK
    iic.o(i.IIC_SingleSend) refers to iic.o(i.IIC_Stop) for IIC_Stop
    iic.o(i.IIC_Start) refers to stm32f3xx_hal_gpio.o(i.HAL_GPIO_WritePin) for HAL_GPIO_WritePin
    iic.o(i.IIC_Start) refers to iic.o(i.IIC_Delay) for IIC_Delay
    iic.o(i.IIC_Start) refers to stm32f3xx_hal_gpio.o(i.HAL_GPIO_ReadPin) for HAL_GPIO_ReadPin
    iic.o(i.IIC_Stop) refers to stm32f3xx_hal_gpio.o(i.HAL_GPIO_WritePin) for HAL_GPIO_WritePin
    iic.o(i.IIC_Stop) refers to iic.o(i.IIC_Delay) for IIC_Delay
    iic.o(i.IIC_WaitACK) refers to stm32f3xx_hal_gpio.o(i.HAL_GPIO_WritePin) for HAL_GPIO_WritePin
    iic.o(i.IIC_WaitACK) refers to iic.o(i.IIC_Delay) for IIC_Delay
    iic.o(i.IIC_WaitACK) refers to stm32f3xx_hal_gpio.o(i.HAL_GPIO_ReadPin) for HAL_GPIO_ReadPin
    lc12s.o(i.LC12S_GetData) refers to lc12s.o(.data) for currentStatus
    lc12s.o(i.LC12S_Init) refers to stm32f3xx_hal_gpio.o(i.HAL_GPIO_WritePin) for HAL_GPIO_WritePin
    lc12s.o(i.LC12S_Init) refers to cmsis_os.o(i.osDelay) for osDelay
    lc12s.o(i.LC12S_Init) refers to stm32f3xx_hal_uart.o(i.HAL_UART_Transmit) for HAL_UART_Transmit
    lc12s.o(i.LC12S_Init) refers to stm32f3xx_hal_uart.o(i.HAL_UART_Receive) for HAL_UART_Receive
    lc12s.o(i.LC12S_Init) refers to lc12s.o(.data) for LS12SParam
    lc12s.o(i.LC12S_Init) refers to usart.o(.bss) for huart1
    lc12s.o(i.LC12S_Init) refers to lc12s.o(.bss) for ReceiveBuffer
    lc12s.o(i.LC12S_ReceiveAnalyze) refers to stm32f3xx_hal_uart.o(i.HAL_UART_AbortTransmit_IT) for HAL_UART_AbortTransmit_IT
    lc12s.o(i.LC12S_ReceiveAnalyze) refers to stm32f3xx_hal_uart.o(i.HAL_UART_Receive_IT) for HAL_UART_Receive_IT
    lc12s.o(i.LC12S_ReceiveAnalyze) refers to lc12s.o(.bss) for ReceiveBuffer
    lc12s.o(i.LC12S_ReceiveAnalyze) refers to lc12s.o(.data) for dataEndPoint
    lc12s.o(i.LC12S_ReceiveAnalyze) refers to usart.o(.bss) for huart1
    lc12s.o(i.LC12S_ReceiveAnalyzeAndGetData) refers to lc12s.o(i.LC12S_ReceiveAnalyze) for LC12S_ReceiveAnalyze
    lc12s.o(i.LC12S_ReceiveAnalyzeAndGetData) refers to lc12s.o(.data) for currentStatus
    lc12s.o(i.LC12S_Send) refers to lc12s.o(i.LC12S_PT2PD) for LC12S_PT2PD
    lc12s.o(i.LC12S_Send) refers to stm32f3xx_hal_uart.o(i.HAL_UART_Transmit_IT) for HAL_UART_Transmit_IT
    lc12s.o(i.LC12S_Send) refers to lc12s.o(.bss) for SendBuffer
    lc12s.o(i.LC12S_Send) refers to usart.o(.bss) for huart1
    lc12s.o(i.LC12S_Start) refers to stm32f3xx_hal_uart.o(i.HAL_UART_Receive_IT) for HAL_UART_Receive_IT
    lc12s.o(i.LC12S_Start) refers to stm32f3xx_hal_gpio.o(i.HAL_GPIO_WritePin) for HAL_GPIO_WritePin
[...]
    FLASH_IRQHandler                         0x08000273   Thumb Code     0  startup_stm32f303xc.o(.text)
    FPU_IRQHandler                           0x08000273   Thumb Code     0  startup_stm32f303xc.o(.text)
    I2C1_ER_IRQHandler                       0x08000273   Thumb Code     0  startup_stm32f303xc.o(.text)
    I2C1_EV_IRQHandler                       0x08000273   Thumb Code     0  startup_stm32f303xc.o(.text)
    I2C2_ER_IRQHandler                       0x08000273   Thumb Code     0  startup_stm32f303xc.o(.text)
    I2C2_EV_IRQHandler                       0x08000273   Thumb Code     0  startup_stm32f303xc.o(.text)
    PVD_IRQHandler                           0x08000273   Thumb Code     0  startup_stm32f303xc.o(.text)
    RCC_IRQHandler                           0x08000273   Thumb Code     0  startup_stm32f303xc.o(.text)
    RTC_Alarm_IRQHandler                     0x08000273   Thumb Code     0  startup_stm32f303xc.o(.text)
    RTC_WKUP_IRQHandler                      0x08000273   Thumb Code     0  startup_stm32f303xc.o(.text)
    SPI1_IRQHandler                          0x08000273   Thumb Code     0  startup_stm32f303xc.o(.text)
    SPI2_IRQHandler                          0x08000273   Thumb Code     0  startup_stm32f303xc.o(.text)
    SPI3_IRQHandler                          0x08000273   Thumb Code     0  startup_stm32f303xc.o(.text)
    TAMP_STAMP_IRQHandler                    0x08000273   Thumb Code     0  startup_stm32f303xc.o(.text)
    TIM1_BRK_TIM15_IRQHandler                0x08000273   Thumb Code     0  startup_stm32f303xc.o(.text)
    TIM1_CC_IRQHandler                       0x08000273   Thumb Code     0  startup_stm32f303xc.o(.text)
    TIM1_UP_TIM16_IRQHandler                 0x08000273   Thumb Code     0  startup_stm32f303xc.o(.text)
    TIM2_IRQHandler                          0x08000273   Thumb Code     0  startup_stm32f303xc.o(.text)
    TIM3_IRQHandler                          0x08000273   Thumb Code     0  startup_stm32f303xc.o(.text)
    TIM4_IRQHandler                          0x08000273   Thumb Code     0  startup_stm32f303xc.o(.text)
    TIM6_DAC_IRQHandler                      0x08000273   Thumb Code     0  startup_stm32f303xc.o(.text)
    TIM7_IRQHandler                          0x08000273   Thumb Code     0  startup_stm32f303xc.o(.text)
    TIM8_BRK_IRQHandler                      0x08000273   Thumb Code     0  startup_stm32f303xc.o(.text)
    TIM8_CC_IRQHandler                       0x08000273   Thumb Code     0  startup_stm32f303xc.o(.text)
    TIM8_TRG_COM_IRQHandler                  0x08000273   Thumb Code     0  startup_stm32f303xc.o(.text)
    TIM8_UP_IRQHandler                       0x08000273   Thumb Code     0  startup_stm32f303xc.o(.text)
    UART4_IRQHandler                         0x08000273   Thumb Code     0  startup_stm32f303xc.o(.text)
    UART5_IRQHandler                         0x08000273   Thumb Code     0  startup_stm32f303xc.o(.text)
    USART2_IRQHandler                        0x08000273   Thumb Code     0  startup_stm32f303xc.o(.text)
    USART3_IRQHandler                        0x08000273   Thumb Code     0  startup_stm32f303xc.o(.text)
    USBWakeUp_IRQHandler                     0x08000273   Thumb Code     0  startup_stm32f303xc.o(.text)
    USBWakeUp_RMP_IRQHandler                 0x08000273   Thumb Code     0  startup_stm32f303xc.o(.text)
    USB_HP_CAN_TX_IRQHandler                 0x08000273   Thumb Code     0  startup_stm32f303xc.o(.text)
    USB_HP_IRQHandler                        0x08000273   Thumb Code     0  startup_stm32f303xc.o(.text)
    USB_LP_CAN_RX0_IRQHandler                0x08000273   Thumb Code     0  startup_stm32f303xc.o(.text)
    USB_LP_IRQHandler                        0x08000273   Thumb Code     0  startup_stm32f303xc.o(.text)
    WWDG_IRQHandler                          0x08000273   Thumb Code     0  startup_stm32f303xc.o(.text)
    inv_init_maxmin                          0x0800027d   Thumb Code    78  fast_no_motion.o(.text)
    inv_fast_nomot_parameter                 0x080002cb   Thumb Code   318  fast_no_motion.o(.text)
    inv_fast_nomot_parameter_3rd             0x08000409   Thumb Code   180  fast_no_motion.o(.text)
    inv_fast_nomot_set_gyro_bias             0x080004bd   Thumb Code   232  fast_no_motion.o(.text)
    inv_set_fast_nomot_compass_threshold     0x080005a5   Thumb Code     8  fast_no_motion.o(.text)
    int_set_fast_nomot_gyro_threshold        0x080005ad   Thumb Code     8  fast_no_motion.o(.text)
    inv_set_fast_nomot_accel_threshold       0x080005b5   Thumb Code     8  fast_no_motion.o(.text)
    inv_get_fast_nomot_compass_param         0x080005bd   Thumb Code    18  fast_no_motion.o(.text)
    inv_get_fast_nomot_accel_param           0x080005cf   Thumb Code    18  fast_no_motion.o(.text)
    inv_fast_nomot_store_data                0x080005e1   Thumb Code   140  fast_no_motion.o(.text)
    inv_fast_nomot_store_data_compass        0x0800066d   Thumb Code    74  fast_no_motion.o(.text)
    inv_fast_nomot_reset_data_compass        0x080006b7   Thumb Code    36  fast_no_motion.o(.text)
    inv_fast_nomot_get_time_elaps            0x080006db   Thumb Code     8  fast_no_motion.o(.text)
    inv_fast_nomot_parameter_compass         0x080006e3   Thumb Code    22  fast_no_motion.o(.text)
    inv_get_right_shift_by_rounding          0x080006f9   Thumb Code    76  fast_no_motion.o(.text)
    inv_reset_min_max_gyro_accel_statistics  0x08000745   Thumb Code    38  fast_no_motion.o(.text)
    inv_record_max_moment_in_no_motion_gyro  0x0800076b   Thumb Code    32  fast_no_motion.o(.text)
    inv_record_max_moment_in_no_motion_accel 0x0800078b   Thumb Code    32  fast_no_motion.o(.text)
    inv_record_min_moment_in_motion_gyro     0x080007ab   Thumb Code    34  fast_no_motion.o(.text)
    inv_record_min_moment_in_motion_accel    0x080007cd   Thumb Code    34  fast_no_motion.o(.text)
    inv_detect_motion_by_gyro_accel          0x080007ef   Thumb Code   214  fast_no_motion.o(.text)
    inv_sensor_data_preprocess               0x080008c5   Thumb Code   132  fast_no_motion.o(.text)
    inv_generate_fast_nomot                  0x08000949   Thumb Code   498  fast_no_motion.o(.text)
    inv_set_default_number_of_samples        0x08000b3b   Thumb Code    56  fast_no_motion.o(.text)
    inv_init_fast_nomot                      0x08000b73   Thumb Code    78  fast_no_motion.o(.text)
    inv_start_fast_nomot                     0x08000bc1   Thumb Code    56  fast_no_motion.o(.text)
    inv_stop_fast_nomot                      0x08000bf9   Thumb Code    20  fast_no_motion.o(.text)
    inv_enable_fast_nomot                    0x08000c0d   Thumb Code    24  fast_no_motion.o(.text)
    inv_disable_fast_nomot                   0x08000c25   Thumb Code    18  fast_no_motion.o(.text)
    inv_get_fnm_gyro_no_motion_param         0x08000c37   Thumb Code     8  fast_no_motion.o(.text)
    inv_fnm_debug_print                      0x08000c3f   Thumb Code     2  fast_no_motion.o(.text)
    inv_filter_correction_angle              0x08000c71   Thumb Code   364  fusion_9axis.o(.text)
    inv_perform_9x_fusion                    0x08000ddd   Thumb Code   840  fusion_9axis.o(.text)
    inv_process_9x_sensor_fusion_cb          0x08001125   Thumb Code   120  fusion_9axis.o(.text)
    inv_init_9x_fusion                       0x0800119d   Thumb Code    50  fusion_9axis.o(.text)
    inv_9x_fusion_set_mag_fb                 0x080011cf   Thumb Code    10  fusion_9axis.o(.text)
    inv_9x_fusion_enable_jitter_reduction    0x080011d9   Thumb Code    10  fusion_9axis.o(.text)
    inv_9x_fusion_use_timestamps             0x080011e3   Thumb Code    10  fusion_9axis.o(.text)
    inv_start_9x_sensor_fusion               0x080011ed   Thumb Code    14  fusion_9axis.o(.text)
    inv_stop_9x_sensor_fusion                0x080011fb   Thumb Code     8  fusion_9axis.o(.text)
    inv_enable_9x_sensor_fusion              0x08001203   Thumb Code    30  fusion_9axis.o(.text)
    inv_disable_9x_sensor_fusion             0x08001221   Thumb Code     8  fusion_9axis.o(.text)
    inv_init_gyro_ts                         0x08001647   Thumb Code    46  gyro_tc.o(.text)
    inv_set_gtc_max_temp                     0x08001675   Thumb Code    10  gyro_tc.o(.text)
    inv_set_gtc_min_temp                     0x0800167f   Thumb Code    10  gyro_tc.o(.text)
    inv_set_gtc_min_diff                     0x08001689   Thumb Code    10  gyro_tc.o(.text)
    inv_get_gyro_ts                          0x08001693   Thumb Code    30  gyro_tc.o(.text)
    inv_set_gyro_ts                          0x080016b1   Thumb Code    16  gyro_tc.o(.text)
    inv_set_gtc_order                        0x080016c1   Thumb Code    16  gyro_tc.o(.text)
    inv_print_gtc_data                       0x080016d1   Thumb Code    62  gyro_tc.o(.text)
    inv_start_gyro_tc                        0x0800170f   Thumb Code    10  gyro_tc.o(.text)
    inv_stop_gyro_tc                         0x08001719   Thumb Code     6  gyro_tc.o(.text)
    inv_enable_gyro_tc                       0x0800171f   Thumb Code    48  gyro_tc.o(.text)
    inv_disable_gyro_tc                      0x0800174f   Thumb Code    40  gyro_tc.o(.text)
    inv_generate_gyro_quaternion             0x08001b19   Thumb Code   260  quaternion_supervisor.o(.text)
    inv_set_quaternion                       0x08001e0b   Thumb Code    38  quaternion_supervisor.o(.text)
    inv_generate_accel_gyro_quaternion       0x08001e31   Thumb Code   428  quaternion_supervisor.o(.text)
    inv_stop_quaternion                      0x08002025   Thumb Code     6  quaternion_supervisor.o(.text)
    inv_init_quaternion                      0x0800202b   Thumb Code    34  quaternion_supervisor.o(.text)
    inv_start_quaternion                     0x0800204d   Thumb Code    34  quaternion_supervisor.o(.text)
    inv_enable_quaternion                    0x0800206f   Thumb Code    24  quaternion_supervisor.o(.text)
    inv_disable_quaternion                   0x08002087   Thumb Code    20  quaternion_supervisor.o(.text)
    inv_set_magnetic_disturbance             0x080020c9   Thumb Code    16  mag_disturb.o(.text)
    inv_init_magnetic_disturbance            0x080020d9   Thumb Code    50  mag_disturb.o(.text)
    MagDisturbSetDisturbance                 0x0800210b   Thumb Code    98  mag_disturb.o(.text)
    MagDisturbCheckSettling                  0x0800216d   Thumb Code    54  mag_disturb.o(.text)
    ComputeAngleVelocity                     0x080021a3   Thumb Code    94  mag_disturb.o(.text)
    inv_disable_dip_tracking                 0x08002201   Thumb Code    10  mag_disturb.o(.text)
    Mag3ofNormalizedLong                     0x0800220b   Thumb Code    72  mag_disturb.o(.text)
    inv_track_dip_angle                      0x08002253   Thumb Code   114  mag_disturb.o(.text)
    inv_check_magnetic_disturbance           0x080022c5   Thumb Code   690  mag_disturb.o(.text)
    inv_magnetic_disturbance_process         0x08002577   Thumb Code    50  mag_disturb.o(.text)
    inv_start_magnetic_disturbance           0x080025a9   Thumb Code    14  mag_disturb.o(.text)
    inv_stop_magnetic_disturbance            0x080025b7   Thumb Code     8  mag_disturb.o(.text)
    inv_enable_magnetic_disturbance          0x080025bf   Thumb Code    40  mag_disturb.o(.text)
    inv_disable_magnetic_disturbance         0x080025e7   Thumb Code    22  mag_disturb.o(.text)
    inv_enable_dip_tracking                  0x080025fd   Thumb Code    14  mag_disturb.o(.text)
    inv_get_magnetic_disturbance_state       0x0800260b   Thumb Code     8  mag_disturb.o(.text)
    __aeabi_ldivmod                          0x08002619   Thumb Code    98  ldiv.o(.text)
    __aeabi_llsl                             0x0800267b   Thumb Code    30  llshl.o(.text)
    _ll_shift_l                              0x0800267b   Thumb Code     0  llshl.o(.text)
    __aeabi_llsr                             0x08002699   Thumb Code    32  llushr.o(.text)
    _ll_ushift_r                             0x08002699   Thumb Code     0  llushr.o(.text)
    __aeabi_lasr                             0x080026b9   Thumb Code    36  llsshr.o(.text)
    _ll_sshift_r                             0x080026b9   Thumb Code     0  llsshr.o(.text)
    ___aeabi_memcpy8$move                    0x080026dd   Thumb Code     0  memmovea.o(.text)
    __aeabi_memcpy                           0x080026dd   Thumb Code    64  memmovea.o(.text)
    __aeabi_memcpy4                          0x080026dd   Thumb Code     0  memmovea.o(.text)
    __aeabi_memmove                          0x080026dd   Thumb Code     0  memmovea.o(.text)
    __aeabi_memmove4                         0x080026dd   Thumb Code     0  memmovea.o(.text)
    __aeabi_memmove8                         0x080026dd   Thumb Code     0  memmovea.o(.text)
    __aeabi_memset                           0x0800271d   Thumb Code    14  memseta.o(.text)
    __aeabi_memset4                          0x0800271d   Thumb Code     0  memseta.o(.text)
    __aeabi_memset8                          0x0800271d   Thumb Code     0  memseta.o(.text)
    __aeabi_memclr                           0x0800272b   Thumb Code     4  memseta.o(.text)
    __aeabi_memclr4                          0x0800272b   Thumb Code     0  memseta.o(.text)
    __aeabi_memclr8                          0x0800272b   Thumb Code     0  memseta.o(.text)
    _memset$wrapper                          0x0800272f   Thumb Code    18  memseta.o(.text)
    memcmp                                   0x08002741   Thumb Code    26  memcmp.o(.text)
    __aeabi_fadd                             0x0800275b   Thumb Code   164  fadd.o(.text)
    __aeabi_fsub                             0x080027ff   Thumb Code     6  fadd.o(.text)
    __aeabi_frsub                            0x08002805   Thumb Code     6  fadd.o(.text)
    __aeabi_fmul                             0x0800280b   Thumb Code   100  fmul.o(.text)
    __aeabi_fdiv                             0x0800286f   Thumb Code   124  fdiv.o(.text)
    __ARM_scalbnf                            0x080028eb   Thumb Code    24  fscalb.o(.text)
    scalbnf                                  0x080028eb   Thumb Code     0  fscalb.o(.text)
    __aeabi_dmul                             0x08002903   Thumb Code   228  dmul.o(.text)
    __aeabi_ddiv                             0x080029e7   Thumb Code   222  ddiv.o(.text)
    __ARM_scalbn                             0x08002ac5   Thumb Code    46  dscalb.o(.text)
    scalbn                                   0x08002ac5   Thumb Code     0  dscalb.o(.text)
    __aeabi_i2f                              0x08002af3   Thumb Code    18  fflti.o(.text)
    __aeabi_ui2f                             0x08002b05   Thumb Code    10  ffltui.o(.text)
    __aeabi_l2f                              0x08002b0f   Thumb Code    44  ffltl.o(.text)
    __aeabi_i2d                              0x08002b3b   Thumb Code    34  dflti.o(.text)
    __aeabi_f2iz                             0x08002b5d   Thumb Code    50  ffixi.o(.text)
    __aeabi_f2lz                             0x08002b8f   Thumb Code    66  ffixl.o(.text)
    __aeabi_d2iz                             0x08002bd1   Thumb Code    62  dfixi.o(.text)
    __aeabi_f2d                              0x08002c0f   Thumb Code    38  f2d.o(.text)
    __aeabi_d2f                              0x08002c35   Thumb Code    56  d2f.o(.text)
    __aeabi_cfcmpeq                          0x08002c6d   Thumb Code     0  cfcmple.o(.text)
    __aeabi_cfcmple                          0x08002c6d   Thumb Code    20  cfcmple.o(.text)
    __aeabi_cfrcmple                         0x08002c81   Thumb Code    20  cfrcmple.o(.text)
    __aeabi_uldivmod                         0x08002c95   Thumb Code    98  uldiv.o(.text)
    __I$use$fp                               0x08002cf7   Thumb Code     0  iusefp.o(.text)
    _float_round                             0x08002cf7   Thumb Code    18  fepilogue.o(.text)
    _float_epilogue                          0x08002d09   Thumb Code    92  fepilogue.o(.text)
    _double_round                            0x08002d65   Thumb Code    30  depilogue.o(.text)
    _double_epilogue                         0x08002d83   Thumb Code   156  depilogue.o(.text)
    __scatterload                            0x08002e21   Thumb Code    28  init.o(.text)
    __scatterload_rt2                        0x08002e21   Thumb Code     0  init.o(.text)
    BusFault_Handler                         0x08002e45   Thumb Code     4  stm32f3xx_it.o(i.BusFault_Handler)
    DebugMon_Handler                         0x08002e49   Thumb Code     2  stm32f3xx_it.o(i.DebugMon_Handler)
    HAL_DMA_Abort_IT                         0x08002e4b   Thumb Code    88  stm32f3xx_hal_dma.o(i.HAL_DMA_Abort_IT)
    HAL_GPIO_Init                            0x08002ea5   Thumb Code   432  stm32f3xx_hal_gpio.o(i.HAL_GPIO_Init)
    HAL_GPIO_ReadPin                         0x08003071   Thumb Code    16  stm32f3xx_hal_gpio.o(i.HAL_GPIO_ReadPin)
    HAL_GPIO_TogglePin                       0x08003081   Thumb Code     8  stm32f3xx_hal_gpio.o(i.HAL_GPIO_TogglePin)
    HAL_GPIO_WritePin                        0x08003089   Thumb Code    10  stm32f3xx_hal_gpio.o(i.HAL_GPIO_WritePin)
    HAL_GetTick                              0x08003095   Thumb Code     6  stm32f3xx_hal.o(i.HAL_GetTick)
    HAL_IWDG_Init                            0x080030a1   Thumb Code    98  stm32f3xx_hal_iwdg.o(i.HAL_IWDG_Init)
    HAL_IWDG_Refresh                         0x08003103   Thumb Code    14  stm32f3xx_hal_iwdg.o(i.HAL_IWDG_Refresh)
    HAL_IncTick                              0x08003111   Thumb Code    12  stm32f3xx_hal.o(i.HAL_IncTick)
    HAL_Init                                 0x08003121   Thumb Code    34  stm32f3xx_hal.o(i.HAL_Init)
    HAL_InitTick                             0x08003149   Thumb Code   118  stm32f3xx_hal_timebase_tim.o(i.HAL_InitTick)
    HAL_MspInit                              0x080031d1   Thumb Code   114  stm32f3xx_hal_msp.o(i.HAL_MspInit)
    HAL_NVIC_EnableIRQ                       0x08003249   Thumb Code    26  stm32f3xx_hal_cortex.o(i.HAL_NVIC_EnableIRQ)
    HAL_NVIC_SetPriority                     0x08003263   Thumb Code   124  stm32f3xx_hal_cortex.o(i.HAL_NVIC_SetPriority)
    HAL_NVIC_SetPriorityGrouping             0x080032e1   Thumb Code    32  stm32f3xx_hal_cortex.o(i.HAL_NVIC_SetPriorityGrouping)
    HAL_PCD_Init                             0x08003309   Thumb Code   278  stm32f3xx_hal_pcd.o(i.HAL_PCD_Init)
    HAL_PCD_MspInit                          0x08003421   Thumb Code    78  usb.o(i.HAL_PCD_MspInit)
    HAL_RCCEx_PeriphCLKConfig                0x08003479   Thumb Code   730  stm32f3xx_hal_rcc_ex.o(i.HAL_RCCEx_PeriphCLKConfig)
    HAL_RCC_ClockConfig                      0x08003761   Thumb Code   732  stm32f3xx_hal_rcc.o(i.HAL_RCC_ClockConfig)
    HAL_RCC_GetClockConfig                   0x08003a4d   Thumb Code    58  stm32f3xx_hal_rcc.o(i.HAL_RCC_GetClockConfig)
    HAL_RCC_GetHCLKFreq                      0x08003a91   Thumb Code     6  stm32f3xx_hal_rcc.o(i.HAL_RCC_GetHCLKFreq)
    HAL_RCC_GetPCLK1Freq                     0x08003a9d   Thumb Code    36  stm32f3xx_hal_rcc.o(i.HAL_RCC_GetPCLK1Freq)
    HAL_RCC_GetPCLK2Freq                     0x08003ac9   Thumb Code    36  stm32f3xx_hal_rcc.o(i.HAL_RCC_GetPCLK2Freq)
    HAL_RCC_GetSysClockFreq                  0x08003af5   Thumb Code   120  stm32f3xx_hal_rcc.o(i.HAL_RCC_GetSysClockFreq)
    HAL_RCC_OscConfig                        0x08003b81   Thumb Code  2550  stm32f3xx_hal_rcc.o(i.HAL_RCC_OscConfig)
    HAL_SYSTICK_CLKSourceConfig              0x08004581   Thumb Code    40  stm32f3xx_hal_cortex.o(i.HAL_SYSTICK_CLKSourceConfig)
    HAL_SYSTICK_Config                       0x080045a9   Thumb Code    52  stm32f3xx_hal_cortex.o(i.HAL_SYSTICK_Config)
    HAL_TIMEx_Break2Callback                 0x080045dd   Thumb Code     2  stm32f3xx_hal_tim_ex.o(i.HAL_TIMEx_Break2Callback)
    HAL_TIMEx_BreakCallback                  0x080045df   Thumb Code     2  stm32f3xx_hal_tim_ex.o(i.HAL_TIMEx_BreakCallback)
    HAL_TIMEx_CommutationCallback            0x080045e1   Thumb Code     2  stm32f3xx_hal_tim_ex.o(i.HAL_TIMEx_CommutationCallback)
    HAL_TIMEx_MasterConfigSynchronization    0x080045e5   Thumb Code    98  stm32f3xx_hal_tim_ex.o(i.HAL_TIMEx_MasterConfigSynchronization)
    HAL_TIM_Base_Init                        0x08004651   Thumb Code    52  stm32f3xx_hal_tim.o(i.HAL_TIM_Base_Init)
    HAL_TIM_Base_MspInit                     0x08004685   Thumb Code    40  tim.o(i.HAL_TIM_Base_MspInit)
    HAL_TIM_Base_Start_IT                    0x080046b1   Thumb Code    30  stm32f3xx_hal_tim.o(i.HAL_TIM_Base_Start_IT)
    HAL_TIM_ConfigClockSource                0x080046d1   Thumb Code   308  stm32f3xx_hal_tim.o(i.HAL_TIM_ConfigClockSource)
    HAL_TIM_IC_CaptureCallback               0x08004809   Thumb Code     2  stm32f3xx_hal_tim.o(i.HAL_TIM_IC_CaptureCallback)
    HAL_TIM_IRQHandler                       0x0800480b   Thumb Code   440  stm32f3xx_hal_tim.o(i.HAL_TIM_IRQHandler)
    HAL_TIM_MspPostInit                      0x080049c3   Thumb Code    46  tim.o(i.HAL_TIM_MspPostInit)
    HAL_TIM_OC_DelayElapsedCallback          0x080049f1   Thumb Code     2  stm32f3xx_hal_tim.o(i.HAL_TIM_OC_DelayElapsedCallback)
    HAL_TIM_OC_Start                         0x080049f5   Thumb Code    92  stm32f3xx_hal_tim.o(i.HAL_TIM_OC_Start)
    HAL_TIM_PWM_ConfigChannel                0x08004a65   Thumb Code   372  stm32f3xx_hal_tim_ex.o(i.HAL_TIM_PWM_ConfigChannel)
    HAL_TIM_PWM_Init                         0x08004bd9   Thumb Code    52  stm32f3xx_hal_tim.o(i.HAL_TIM_PWM_Init)
    HAL_TIM_PWM_MspInit                      0x08004c0d   Thumb Code     2  stm32f3xx_hal_tim.o(i.HAL_TIM_PWM_MspInit)
    HAL_TIM_PWM_PulseFinishedCallback        0x08004c0f   Thumb Code     2  stm32f3xx_hal_tim.o(i.HAL_TIM_PWM_PulseFinishedCallback)
    HAL_TIM_PWM_Start                        0x08004c11   Thumb Code    92  stm32f3xx_hal_tim.o(i.HAL_TIM_PWM_Start)
    HAL_TIM_PeriodElapsedCallback            0x08004c81   Thumb Code    18  main.o(i.HAL_TIM_PeriodElapsedCallback)
    HAL_TIM_TriggerCallback                  0x08004c99   Thumb Code     2  stm32f3xx_hal_tim.o(i.HAL_TIM_TriggerCallback)
    HAL_UARTEx_WakeupCallback                0x08004c9b   Thumb Code     2  stm32f3xx_hal_uart_ex.o(i.HAL_UARTEx_WakeupCallback)
    HAL_UART_AbortTransmitCpltCallback       0x08004c9d   Thumb Code     2  stm32f3xx_hal_uart.o(i.HAL_UART_AbortTransmitCpltCallback)
    HAL_UART_AbortTransmit_IT                0x08004ca1   Thumb Code   106  stm32f3xx_hal_uart.o(i.HAL_UART_AbortTransmit_IT)
    HAL_UART_ErrorCallback                   0x08004d11   Thumb Code     2  stm32f3xx_hal_uart.o(i.HAL_UART_ErrorCallback)
    HAL_UART_IRQHandler                      0x08004d15   Thumb Code   386  stm32f3xx_hal_uart.o(i.HAL_UART_IRQHandler)
    HAL_UART_Init                            0x08004e9d   Thumb Code   120  stm32f3xx_hal_uart.o(i.HAL_UART_Init)
    HAL_UART_MspInit                         0x08004f15   Thumb Code    94  usart.o(i.HAL_UART_MspInit)
    HAL_UART_Receive                         0x08004f7d   Thumb Code   244  stm32f3xx_hal_uart.o(i.HAL_UART_Receive)
    HAL_UART_Receive_IT                      0x08005071   Thumb Code   160  stm32f3xx_hal_uart.o(i.HAL_UART_Receive_IT)
    HAL_UART_RxCpltCallback                  0x08005111   Thumb Code     2  stm32f3xx_hal_uart.o(i.HAL_UART_RxCpltCallback)
    HAL_UART_Transmit                        0x08005113   Thumb Code   198  stm32f3xx_hal_uart.o(i.HAL_UART_Transmit)
    HAL_UART_TxCpltCallback                  0x080051d9   Thumb Code     2  stm32f3xx_hal_uart.o(i.HAL_UART_TxCpltCallback)
    HardFault_Handler                        0x080051db   Thumb Code     4  stm32f3xx_it.o(i.HardFault_Handler)
    IIC_ACK                                  0x080051e1   Thumb Code    68  iic.o(i.IIC_ACK)
    IIC_Delay                                0x08005229   Thumb Code    12  iic.o(i.IIC_Delay)
    IIC_NACK                                 0x08005235   Thumb Code    68  iic.o(i.IIC_NACK)
    IIC_ReadBuffer                           0x0800527d   Thumb Code   116  iic.o(i.IIC_ReadBuffer)
    IIC_ReadByte                             0x080052f1   Thumb Code    92  iic.o(i.IIC_ReadByte)
    IIC_SendBuffer                           0x08005351   Thumb Code    98  iic.o(i.IIC_SendBuffer)
    IIC_SendByte                             0x080053b5   Thumb Code   100  iic.o(i.IIC_SendByte)
    IIC_SingleRead                           0x0800541d   Thumb Code    88  iic.o(i.IIC_SingleRead)
    IIC_Start                                0x08005475   Thumb Code    82  iic.o(i.IIC_Start)
    IIC_Stop                                 0x080054cd   Thumb Code    68  iic.o(i.IIC_Stop)
    IIC_WaitACK                              0x08005515   Thumb Code    88  iic.o(i.IIC_WaitACK)
    LC12S_Init                               0x08005571   Thumb Code   176  lc12s.o(i.LC12S_Init)
    LC12S_ReceiveAnalyze                     0x0800562d   Thumb Code   548  lc12s.o(i.LC12S_ReceiveAnalyze)
    LC12S_ReceiveAnalyzeAndGetData           0x08005869   Thumb Code    32  lc12s.o(i.LC12S_ReceiveAnalyzeAndGetData)
    LC12S_Start                              0x0800588d   Thumb Code    26  lc12s.o(i.LC12S_Start)
    MPU6500_InitConfig                       0x080058b1   Thumb Code   188  mpu6500.o(i.MPU6500_InitConfig)
    MPU6500_check                            0x08005975   Thumb Code    32  mpu6500.o(i.MPU6500_check)
    MPU6500_eMPLEular                        0x08005995   Thumb Code   676  mpu6500.o(i.MPU6500_eMPLEular)
    MX_FREERTOS_Init                         0x08005c61   Thumb Code    30  freertos.o(i.MX_FREERTOS_Init)
    MX_GPIO_Init                             0x08005c89   Thumb Code   210  gpio.o(i.MX_GPIO_Init)
    MX_IWDG_Init                             0x08005d65   Thumb Code    38  iwdg.o(i.MX_IWDG_Init)
    MX_TIM2_Init                             0x08005da5   Thumb Code   214  tim.o(i.MX_TIM2_Init)
    MX_USART1_UART_Init                      0x08005e91   Thumb Code    60  usart.o(i.MX_USART1_UART_Init)
    MX_USB_PCD_Init                          0x08005ee5   Thumb Code    48  usb.o(i.MX_USB_PCD_Init)
    MemManage_Handler                        0x08005f2d   Thumb Code     4  stm32f3xx_it.o(i.MemManage_Handler)
    Motor_Init                               0x08006235   Thumb Code    94  motor.o(i.Motor_Init)
    Motor_SetSpeed                           0x08006299   Thumb Code    54  motor.o(i.Motor_SetSpeed)
    NMI_Handler                              0x080062d5   Thumb Code     2  stm32f3xx_it.o(i.NMI_Handler)
    PID_Calculate                            0x08006311   Thumb Code   254  algorithm.o(i.PID_Calculate)
    PID_InitConfig                           0x08006411   Thumb Code    38  algorithm.o(i.PID_InitConfig)
    SysTick_Handler                          0x0800643d   Thumb Code     8  stm32f3xx_it.o(i.SysTick_Handler)
    SystemClock_Config                       0x08006445   Thumb Code   158  main.o(i.SystemClock_Config)
    SystemInit                               0x080064f9   Thumb Code   104  system_stm32f3xx.o(i.SystemInit)
    SystemInitConfigTask                     0x08006575   Thumb Code   154  freertos.o(i.SystemInitConfigTask)
    TIM1_TRG_COM_TIM17_IRQHandler            0x08006621   Thumb Code    10  stm32f3xx_it.o(i.TIM1_TRG_COM_TIM17_IRQHandler)
    TIM_Base_SetConfig                       0x08006631   Thumb Code   160  stm32f3xx_hal_tim.o(i.TIM_Base_SetConfig)
    TIM_CCxChannelCmd                        0x080066ed   Thumb Code    28  stm32f3xx_hal_tim.o(i.TIM_CCxChannelCmd)
    TIM_ETR_SetConfig                        0x08006709   Thumb Code    24  stm32f3xx_hal_tim.o(i.TIM_ETR_SetConfig)
    TIM_OC1_SetConfig                        0x08006735   Thumb Code   152  stm32f3xx_hal_tim.o(i.TIM_OC1_SetConfig)
    TIM_OC2_SetConfig                        0x080067e5   Thumb Code   162  stm32f3xx_hal_tim.o(i.TIM_OC2_SetConfig)
    TIM_OC3_SetConfig                        0x080068a1   Thumb Code   160  stm32f3xx_hal_tim.o(i.TIM_OC3_SetConfig)
    TIM_OC4_SetConfig                        0x08006959   Thumb Code    98  stm32f3xx_hal_tim.o(i.TIM_OC4_SetConfig)
    UART_AdvFeatureConfig                    0x08006b17   Thumb Code   234  stm32f3xx_hal_uart.o(i.UART_AdvFeatureConfig)
    UART_CheckIdleState                      0x08006c01   Thumb Code   116  stm32f3xx_hal_uart.o(i.UART_CheckIdleState)
    UART_EndTransmit_IT                      0x08006cc7   Thumb Code    32  stm32f3xx_hal_uart.o(i.UART_EndTransmit_IT)
    UART_Receive_IT                          0x08006ce7   Thumb Code   138  stm32f3xx_hal_uart.o(i.UART_Receive_IT)
    UART_SetConfig                           0x08006d71   Thumb Code   716  stm32f3xx_hal_uart.o(i.UART_SetConfig)
    UART_Transmit_IT                         0x0800705d   Thumb Code   106  stm32f3xx_hal_uart.o(i.UART_Transmit_IT)
    UART_WaitOnFlagUntilTimeout              0x080070c7   Thumb Code   108  stm32f3xx_hal_uart.o(i.UART_WaitOnFlagUntilTimeout)
    USART1_IRQHandler                        0x08007135   Thumb Code    10  stm32f3xx_it.o(i.USART1_IRQHandler)
    UsageFault_Handler                       0x08007145   Thumb Code     4  stm32f3xx_it.o(i.UsageFault_Handler)
    _Error_Handler                           0x08007149   Thumb Code     4  main.o(i._Error_Handler)
    _MLPrintLog                              0x0800714d   Thumb Code     8  log.o(i._MLPrintLog)
    __ARM_fpclassifyf                        0x08007155   Thumb Code    38  fpclassifyf.o(i.__ARM_fpclassifyf)
    __hardfp_acosf                           0x0800717d   Thumb Code   234  acosf.o(i.__hardfp_acosf)
    __hardfp_atan2f                          0x08007295   Thumb Code   502  atan2f.o(i.__hardfp_atan2f)
    __hardfp_cosf                            0x080074e5   Thumb Code   280  cosf.o(i.__hardfp_cosf)
    __hardfp_sinf                            0x08007635   Thumb Code   344  sinf.o(i.__hardfp_sinf)
    __hardfp_sqrtf                           0x080077c5   Thumb Code    58  sqrtf.o(i.__hardfp_sqrtf)
    __mathlib_flt_infnan                     0x080077ff   Thumb Code     6  funder.o(i.__mathlib_flt_infnan)
    __mathlib_flt_infnan2                    0x08007805   Thumb Code     6  funder.o(i.__mathlib_flt_infnan2)
    __mathlib_flt_invalid                    0x0800780d   Thumb Code    10  funder.o(i.__mathlib_flt_invalid)
    __mathlib_flt_underflow                  0x0800781d   Thumb Code    10  funder.o(i.__mathlib_flt_underflow)
    __mathlib_rredf2                         0x0800782d   Thumb Code   316  rredf.o(i.__mathlib_rredf2)
    __scatterload_copy                       0x080079b5   Thumb Code    14  handlers.o(i.__scatterload_copy)
    __scatterload_null                       0x080079c3   Thumb Code     2  handlers.o(i.__scatterload_null)
    __scatterload_zeroinit                   0x080079c5   Thumb Code    14  handlers.o(i.__scatterload_zeroinit)
    __set_errno                              0x080079d5   Thumb Code     6  errno.o(i.__set_errno)
    acosf                                    0x080079e1   Thumb Code    16  acosf.o(i.acosf)
    cosf                                     0x080079f1   Thumb Code    16  cosf.o(i.cosf)
    inv_apply_calibration                    0x08007a01   Thumb Code   106  data_builder.o(i.inv_apply_calibration)
    inv_build_accel                          0x08007a6d   Thumb Code   128  data_builder.o(i.inv_build_accel)
    inv_build_gyro                           0x08007af9   Thumb Code    46  data_builder.o(i.inv_build_gyro)
    inv_build_temp                           0x08007b31   Thumb Code    38  data_builder.o(i.inv_build_temp)
    inv_compass_angle                        0x08007b5d   Thumb Code   170  ml_math_func.o(i.inv_compass_angle)
    inv_convert_to_body_with_scale           0x08007c0d   Thumb Code   114  ml_math_func.o(i.inv_convert_to_body_with_scale)
    inv_disable_compass_soft_iron_matrix     0x08007ce9   Thumb Code    10  data_builder.o(i.inv_disable_compass_soft_iron_matrix)
    inv_enable_eMPL_outputs                  0x08007cf9   Thumb Code    22  empl_outputs.o(i.inv_enable_eMPL_outputs)
    inv_enable_results_holder                0x08007d15   Thumb Code    26  results_holder.o(i.inv_enable_results_holder)
    inv_execute_mpl_start_notification       0x08007d35   Thumb Code    40  start_manager.o(i.inv_execute_mpl_start_notification)
    inv_execute_on_data                      0x08007d61   Thumb Code   152  data_builder.o(i.inv_execute_on_data)
    inv_generate_results                     0x08007ef1   Thumb Code    12  results_holder.o(i.inv_generate_results)
    inv_get_6axis_quaternion                 0x08007f01   Thumb Code    18  results_holder.o(i.inv_get_6axis_quaternion)
    inv_get_acc_state                        0x08007f19   Thumb Code     6  results_holder.o(i.inv_get_acc_state)
    inv_get_accel_accuracy                   0x08007f25   Thumb Code     6  data_builder.o(i.inv_get_accel_accuracy)
    inv_get_accel_on                         0x08007f31   Thumb Code    12  data_builder.o(i.inv_get_accel_on)
    inv_get_accel_set                        0x08007f41   Thumb Code    40  data_builder.o(i.inv_get_accel_set)
    inv_get_compass_correction               0x08007f6d   Thumb Code    20  results_holder.o(i.inv_get_compass_correction)
    inv_get_compass_on                       0x08007f85   Thumb Code    12  data_builder.o(i.inv_get_compass_on)
    inv_get_gravity                          0x08007f95   Thumb Code    90  results_holder.o(i.inv_get_gravity)
    inv_get_gyro                             0x08007ff5   Thumb Code    12  data_builder.o(i.inv_get_gyro)
    inv_get_gyro_accuracy                    0x08008005   Thumb Code     6  data_builder.o(i.inv_get_gyro_accuracy)
    inv_get_gyro_bias                        0x08008011   Thumb Code    32  data_builder.o(i.inv_get_gyro_bias)
    inv_get_gyro_bias_tc_set                 0x08008035   Thumb Code    26  data_builder.o(i.inv_get_gyro_bias_tc_set)
    inv_get_gyro_on                          0x08008055   Thumb Code    10  data_builder.o(i.inv_get_gyro_on)
    inv_get_gyro_sum_of_sqr                  0x08008065   Thumb Code    28  ml_math_func.o(i.inv_get_gyro_sum_of_sqr)
    inv_get_last_timestamp                   0x08008081   Thumb Code    98  data_builder.o(i.inv_get_last_timestamp)
    inv_get_linear_accel                     0x080080e9   Thumb Code    60  results_holder.o(i.inv_get_linear_accel)
    inv_get_local_field                      0x08008125   Thumb Code    12  results_holder.o(i.inv_get_local_field)
    inv_get_mag_accuracy                     0x08008135   Thumb Code    20  data_builder.o(i.inv_get_mag_accuracy)
    inv_get_motion_state                     0x08008151   Thumb Code    16  results_holder.o(i.inv_get_motion_state)
    inv_get_quaternion                       0x08008165   Thumb Code    54  results_holder.o(i.inv_get_quaternion)
    inv_get_quaternion_set                   0x080081a1   Thumb Code    68  results_holder.o(i.inv_get_quaternion_set)
    inv_get_sensor_type_euler                0x080081e5   Thumb Code   588  empl_outputs.o(i.inv_get_sensor_type_euler)
    inv_got_compass_bias                     0x0800844d   Thumb Code     6  results_holder.o(i.inv_got_compass_bias)
    inv_init_data_builder                    0x08008459   Thumb Code    42  data_builder.o(i.inv_init_data_builder)
    inv_init_mpl                             0x080084a9   Thumb Code   106  mpl.o(i.inv_init_mpl)
    inv_init_results_holder                  0x0800852d   Thumb Code    50  results_holder.o(i.inv_init_results_holder)
    inv_init_start_manager                   0x08008569   Thumb Code    14  start_manager.o(i.inv_init_start_manager)
    inv_init_storage_manager                 0x0800857d   Thumb Code    20  storage_manager.o(i.inv_init_storage_manager)
    inv_orientation_matrix_to_scalar         0x08008595   Thumb Code    40  ml_math_func.o(i.inv_orientation_matrix_to_scalar)
    inv_q29_mult                             0x080085bd   Thumb Code    18  ml_math_func.o(i.inv_q29_mult)
    inv_q30_mult                             0x080085cf   Thumb Code    18  ml_math_func.o(i.inv_q30_mult)
    inv_q_add                                0x080085f9   Thumb Code    36  ml_math_func.o(i.inv_q_add)
    inv_q_addf                               0x0800861d   Thumb Code    66  ml_math_func.o(i.inv_q_addf)
    inv_q_invert                             0x0800865f   Thumb Code    24  ml_math_func.o(i.inv_q_invert)
    inv_q_invertf                            0x08008677   Thumb Code    46  ml_math_func.o(i.inv_q_invertf)
    inv_q_mult                               0x080086a5   Thumb Code   178  ml_math_func.o(i.inv_q_mult)
    inv_q_multf                              0x08008757   Thumb Code   210  ml_math_func.o(i.inv_q_multf)
    inv_q_norm4                              0x08008829   Thumb Code   162  ml_math_func.o(i.inv_q_norm4)
    inv_q_normalizef                         0x080088d1   Thumb Code   302  ml_math_func.o(i.inv_q_normalizef)
    inv_q_rotate                             0x08008a05   Thumb Code    66  ml_math_func.o(i.inv_q_rotate)
    inv_quaternion_to_rotation               0x08008a47   Thumb Code   218  ml_math_func.o(i.inv_quaternion_to_rotation)
    inv_register_data_cb                     0x08008b21   Thumb Code   234  data_builder.o(i.inv_register_data_cb)
    inv_register_load_store                  0x08008c19   Thumb Code   138  storage_manager.o(i.inv_register_load_store)
    inv_register_mpl_start_notification      0x08008ca9   Thumb Code    38  start_manager.o(i.inv_register_mpl_start_notification)
    inv_reset_compass_soft_iron_matrix       0x08008cd5   Thumb Code    80  data_builder.o(i.inv_reset_compass_soft_iron_matrix)
    inv_set_accel_orientation_and_scale      0x08008d7d   Thumb Code    18  data_builder.o(i.inv_set_accel_orientation_and_scale)
    inv_set_accel_sample_rate                0x08008d95   Thumb Code    36  data_builder.o(i.inv_set_accel_sample_rate)
    inv_set_compass_bias_found               0x08008dc1   Thumb Code     6  results_holder.o(i.inv_set_compass_bias_found)
    inv_set_compass_correction               0x08008dcd   Thumb Code    30  results_holder.o(i.inv_set_compass_correction)
    inv_set_compass_disturbance              0x08008df1   Thumb Code     8  data_builder.o(i.inv_set_compass_disturbance)
    inv_set_gyro_bias                        0x08008f1d   Thumb Code   102  data_builder.o(i.inv_set_gyro_bias)
    inv_set_gyro_orientation_and_scale       0x08008f91   Thumb Code    18  data_builder.o(i.inv_set_gyro_orientation_and_scale)
    inv_set_gyro_sample_rate                 0x08008fa9   Thumb Code    32  data_builder.o(i.inv_set_gyro_sample_rate)
    inv_set_message                          0x08008fd1   Thumb Code    24  message_layer.o(i.inv_set_message)
    inv_set_motion_state                     0x08008fed   Thumb Code    74  results_holder.o(i.inv_set_motion_state)
    inv_start_mpl                            0x08009051   Thumb Code    38  mpl.o(i.inv_start_mpl)
    inv_start_results_holder                 0x08009091   Thumb Code    18  results_holder.o(i.inv_start_results_holder)
    inv_store_gaming_quaternion              0x080090a9   Thumb Code    30  results_holder.o(i.inv_store_gaming_quaternion)
    inv_unregister_data_cb                   0x080090cd   Thumb Code    96  data_builder.o(i.inv_unregister_data_cb)
    inv_unregister_mpl_start_notification    0x08009131   Thumb Code    92  start_manager.o(i.inv_unregister_mpl_start_notification)
    main                                     0x08009191   Thumb Code    36  main.o(i.main)
    mpu_accel_lpfset                         0x080091c3   Thumb Code    20  mpu6500.o(i.mpu_accel_lpfset)
    mpu_configure_fifo                       0x080091d9   Thumb Code   106  inv_mpu.o(i.mpu_configure_fifo)
    mpu_get_accel_fsr                        0x08009249   Thumb Code    72  inv_mpu.o(i.mpu_get_accel_fsr)
    mpu_get_accel_reg                        0x08009295   Thumb Code   110  inv_mpu.o(i.mpu_get_accel_reg)
    mpu_get_gyro_fsr                         0x08009309   Thumb Code    64  inv_mpu.o(i.mpu_get_gyro_fsr)
    mpu_get_gyro_reg                         0x0800934d   Thumb Code   110  inv_mpu.o(i.mpu_get_gyro_reg)
    mpu_get_sample_rate                      0x080093c1   Thumb Code    26  inv_mpu.o(i.mpu_get_sample_rate)
    mpu_get_temperature                      0x080093e1   Thumb Code   142  inv_mpu.o(i.mpu_get_temperature)
    mpu_init                                 0x0800947d   Thumb Code   284  inv_mpu.o(i.mpu_init)
    mpu_lp_accel_mode                        0x0800959d   Thumb Code   280  inv_mpu.o(i.mpu_lp_accel_mode)
    mpu_reset_fifo                           0x080096b9   Thumb Code   450  inv_mpu.o(i.mpu_reset_fifo)
    mpu_set_accel_fsr                        0x08009881   Thumb Code   126  inv_mpu.o(i.mpu_set_accel_fsr)
    mpu_set_bypass                           0x08009905   Thumb Code   328  inv_mpu.o(i.mpu_set_bypass)
    mpu_set_gyro_fsr                         0x08009a51   Thumb Code   132  inv_mpu.o(i.mpu_set_gyro_fsr)
    mpu_set_int_latched                      0x08009ad9   Thumb Code   102  inv_mpu.o(i.mpu_set_int_latched)
    mpu_set_lpf                              0x08009b45   Thumb Code   126  inv_mpu.o(i.mpu_set_lpf)
    mpu_set_sample_rate                      0x08009bc9   Thumb Code   152  inv_mpu.o(i.mpu_set_sample_rate)
    mpu_set_sensors                          0x08009c65   Thumb Code   202  inv_mpu.o(i.mpu_set_sensors)
    osDelay                                  0x08009d35   Thumb Code    24  cmsis_os.o(i.osDelay)
    osKernelStart                            0x08009d4d   Thumb Code    10  cmsis_os.o(i.osKernelStart)
    osSystickHandler                         0x08009d57   Thumb Code    16  cmsis_os.o(i.osSystickHandler)
    osThreadCreate                           0x08009d67   Thumb Code    48  cmsis_os.o(i.osThreadCreate)
    pvPortMalloc                             0x0800a1f9   Thumb Code   296  heap_4.o(i.pvPortMalloc)
    pxPortInitialiseStack                    0x0800a335   Thumb Code    38  port.o(i.pxPortInitialiseStack)
    set_sensor_orientation_and_scale         0x0800a3f1   Thumb Code     6  data_builder.o(i.set_sensor_orientation_and_scale)
    sinf                                     0x0800a3f7   Thumb Code    16  sinf.o(i.sinf)
    sqrtf                                    0x0800a407   Thumb Code    62  sqrtf.o(i.sqrtf)
    task_Control                             0x0800a445   Thumb Code   262  task_control.o(i.task_Control)
    uxListRemove                             0x0800a58d   Thumb Code    40  list.o(i.uxListRemove)
    vListInitialise                          0x0800a5b5   Thumb Code    26  list.o(i.vListInitialise)
    vListInitialiseItem                      0x0800a5cf   Thumb Code     6  list.o(i.vListInitialiseItem)
    vListInsert                              0x0800a5d5   Thumb Code    52  list.o(i.vListInsert)
    vListInsertEnd                           0x0800a609   Thumb Code    24  list.o(i.vListInsertEnd)
    vPortEnterCritical                       0x0800a621   Thumb Code    76  port.o(i.vPortEnterCritical)
    vPortExitCritical                        0x0800a675   Thumb Code    56  port.o(i.vPortExitCritical)
    vPortFree                                0x0800a6b1   Thumb Code   140  heap_4.o(i.vPortFree)
    vPortSetupTimerInterrupt                 0x0800a745   Thumb Code    26  port.o(i.vPortSetupTimerInterrupt)
    vTaskDelay                               0x0800a765   Thumb Code    82  tasks.o(i.vTaskDelay)
    vTaskDelayUntil                          0x0800a7c1   Thumb Code   200  tasks.o(i.vTaskDelayUntil)
    vTaskDelete                              0x0800a895   Thumb Code   202  tasks.o(i.vTaskDelete)
    vTaskStartScheduler                      0x0800a989   Thumb Code   108  tasks.o(i.vTaskStartScheduler)
    vTaskSuspendAll                          0x0800aa11   Thumb Code    12  tasks.o(i.vTaskSuspendAll)
    vTaskSwitchContext                       0x0800aa21   Thumb Code   118  tasks.o(i.vTaskSwitchContext)
    xPortStartScheduler                      0x0800aaad   Thumb Code   288  port.o(i.xPortStartScheduler)
    xPortSysTickHandler                      0x0800abe9   Thumb Code    46  port.o(i.xPortSysTickHandler)
    xTaskCreate                              0x0800ac1d   Thumb Code    96  tasks.o(i.xTaskCreate)
    xTaskGetSchedulerState                   0x0800ac7d   Thumb Code    24  tasks.o(i.xTaskGetSchedulerState)
    xTaskGetTickCount                        0x0800ac9d   Thumb Code     6  tasks.o(i.xTaskGetTickCount)
    xTaskIncrementTick                       0x0800aca9   Thumb Code   282  tasks.o(i.xTaskIncrementTick)
    xTaskResumeAll                           0x0800adf1   Thumb Code   224  tasks.o(i.xTaskResumeAll)
    AHBPrescTable                            0x0800af20   Data          16  system_stm32f3xx.o(.constdata)
    APBPrescTable                            0x0800af30   Data           8  system_stm32f3xx.o(.constdata)
    aPLLMULFactorTable                       0x0800af38   Data          16  stm32f3xx_hal_rcc.o(.constdata)
    aPredivFactorTable                       0x0800af48   Data          16  stm32f3xx_hal_rcc.o(.constdata)
    reg                                      0x0800af58   Data          30  inv_mpu.o(.constdata)
    hw                                       0x0800af76   Data          12  inv_mpu.o(.constdata)
    test                                     0x0800af84   Data          48  inv_mpu.o(.constdata)
    ml_ver                                   0x0800b1b4   Data          20  mpl.o(.constdata)
    Region$$Table$$Base                      0x0800b268   Number         0  anon$$obj.o(Region$$Table)
    Region$$Table$$Limit                     0x0800b288   Number         0  anon$$obj.o(Region$$Table)
    mpl_key                                  0x2000001c   Data           4  mpu6500.o(.data)
    EulerOffset                              0x20000028   Data          12  mpu6500.o(.data)
    SystemInitHandle                         0x20000060   Data           4  freertos.o(.data)
    task_Control_Handle                      0x20000064   Data           4  freertos.o(.data)
    SystemCoreClock                          0x20000068   Data           4  system_stm32f3xx.o(.data)
    pxCurrentTCB                             0x20000084   Data           4  tasks.o(.data)
    uwTick                                   0x200000cc   Data           4  stm32f3xx_hal.o(.data)
    htim2                                    0x20000338   Data          64  tim.o(.bss)
    hpcd_USB_FS                              0x20000378   Data         936  usb.o(.bss)
    huart1                                   0x20000720   Data         112  usart.o(.bss)
    htim17                                   0x20000790   Data          64  stm32f3xx_hal_timebase_tim.o(.bss)
    hiwdg                                    0x200007d0   Data          16  iwdg.o(.bss)
    fnm                                      0x20001a48   Data         608  fast_no_motion.o(.bss)
    s9axis                                   0x20001ce8   Data         312  fusion_9axis.o(.bss)
    mag_disturb                              0x20002050   Data         184  mag_disturb.o(.bss)
    __initial_sp                             0x20002508   Data           0  startup_stm32f303xc.o(STACK)



==============================================================================

Memory Map of the image

  Image Entry point : 0x08000189

  Load Region LR_IROM1 (Base: 0x08000000, Size: 0x0000b38c, Max: 0x00040000, ABSOLUTE)

    Execution Region ER_IROM1 (Base: 0x08000000, Size: 0x0000b288, Max: 0x00040000, ABSOLUTE)

    Base Addr    Size         Type   Attr      Idx    E Section Name        Object

    0x08000000   0x00000188   Data   RO         1062    RESET               startup_stm32f303xc.o
    0x08000188   0x00000000   Code   RO         7558  * .ARM.Collect$$$$00000000  mc_w.l(entry.o)
    0x08000188   0x00000004   Code   RO         7675    .ARM.Collect$$$$00000001  mc_w.l(entry2.o)
    0x0800018c   0x00000004   Code   RO         7678    .ARM.Collect$$$$00000004  mc_w.l(entry5.o)
    0x08000190   0x00000000   Code   RO         7680    .ARM.Collect$$$$00000008  mc_w.l(entry7b.o)
    0x08000190   0x00000000   Code   RO         7682    .ARM.Collect$$$$0000000A  mc_w.l(entry8b.o)
    0x08000190   0x00000008   Code   RO         7683    .ARM.Collect$$$$0000000B  mc_w.l(entry9a.o)
    0x08000198   0x00000000   Code   RO         7685    .ARM.Collect$$$$0000000D  mc_w.l(entry10a.o)
    0x08000198   0x00000000   Code   RO         7687    .ARM.Collect$$$$0000000F  mc_w.l(entry11a.o)
    0x08000198   0x00000004   Code   RO         7676    .ARM.Collect$$$$00002712  mc_w.l(entry2.o)
    0x0800019c   0x000000ba   Code   RO         2095    .emb_text           port.o
    0x08000256   0x00000002   PAD
    0x08000258   0x00000024   Code   RO         1063    .text               startup_stm32f303xc.o
    0x0800027c   0x000009f4   Code   RO         7173    .text               libmpllib.lib(fast_no_motion.o)
    0x08000c70   0x0000065c   Code   RO         7264    .text               libmpllib.lib(fusion_9axis.o)
    0x080012cc   0x000004bc   Code   RO         7289    .text               libmpllib.lib(gyro_tc.o)
    0x08001788   0x00000940   Code   RO         7310    .text               libmpllib.lib(quaternion_supervisor.o)
    0x080020c8   0x00000550   Code   RO         7328    .text               libmpllib.lib(mag_disturb.o)
    0x08002618   0x00000062   Code   RO         7561    .text               mc_w.l(ldiv.o)
    0x0800267a   0x0000001e   Code   RO         7563    .text               mc_w.l(llshl.o)
    0x08002698   0x00000020   Code   RO         7565    .text               mc_w.l(llushr.o)
    0x080026b8   0x00000024   Code   RO         7567    .text               mc_w.l(llsshr.o)
    0x080026dc   0x00000040   Code   RO         7571    .text               mc_w.l(memmovea.o)
    0x0800271c   0x00000024   Code   RO         7573    .text               mc_w.l(memseta.o)
    0x08002740   0x0000001a   Code   RO         7575    .text               mc_w.l(memcmp.o)
    0x0800275a   0x000000b0   Code   RO         7581    .text               mf_w.l(fadd.o)
    0x0800280a   0x00000064   Code   RO         7583    .text               mf_w.l(fmul.o)
    0x0800286e   0x0000007c   Code   RO         7585    .text               mf_w.l(fdiv.o)
    0x080028ea   0x00000018   Code   RO         7587    .text               mf_w.l(fscalb.o)
    0x08002902   0x000000e4   Code   RO         7591    .text               mf_w.l(dmul.o)
    0x080029e6   0x000000de   Code   RO         7593    .text               mf_w.l(ddiv.o)
    0x08002ac4   0x0000002e   Code   RO         7595    .text               mf_w.l(dscalb.o)
    0x08002af2   0x00000012   Code   RO         7597    .text               mf_w.l(fflti.o)
    0x08002b04   0x0000000a   Code   RO         7599    .text               mf_w.l(ffltui.o)
    0x08002b0e   0x0000002c   Code   RO         7601    .text               mf_w.l(ffltl.o)
    0x08002b3a   0x00000022   Code   RO         7603    .text               mf_w.l(dflti.o)
    0x08002b5c   0x00000032   Code   RO         7605    .text               mf_w.l(ffixi.o)
    0x08002b8e   0x00000042   Code   RO         7607    .text               mf_w.l(ffixl.o)
    0x08002bd0   0x0000003e   Code   RO         7609    .text               mf_w.l(dfixi.o)
    0x08002c0e   0x00000026   Code   RO         7611    .text               mf_w.l(f2d.o)
    0x08002c34   0x00000038   Code   RO         7617    .text               mf_w.l(d2f.o)
    0x08002c6c   0x00000014   Code   RO         7619    .text               mf_w.l(cfcmple.o)
    0x08002c80   0x00000014   Code   RO         7621    .text               mf_w.l(cfrcmple.o)
    0x08002c94   0x00000062   Code   RO         7689    .text               mc_w.l(uldiv.o)
    0x08002cf6   0x00000000   Code   RO         7698    .text               mc_w.l(iusefp.o)
    0x08002cf6   0x0000006e   Code   RO         7699    .text               mf_w.l(fepilogue.o)
    0x08002d64   0x000000ba   Code   RO         7701    .text               mf_w.l(depilogue.o)
    0x08002e1e   0x00000002   PAD
    0x08002e20   0x00000024   Code   RO         7707    .text               mc_w.l(init.o)
    0x08002e44   0x00000004   Code   RO          936    i.BusFault_Handler  stm32f3xx_it.o
    0x08002e48   0x00000002   Code   RO          937    i.DebugMon_Handler  stm32f3xx_it.o
    0x08002e4a   0x00000058   Code   RO         2574    i.HAL_DMA_Abort_IT  stm32f3xx_hal_dma.o
    0x08002ea2   0x00000002   PAD
    0x08002ea4   0x000001cc   Code   RO         3964    i.HAL_GPIO_Init     stm32f3xx_hal_gpio.o
    0x08003070   0x00000010   Code   RO         3966    i.HAL_GPIO_ReadPin  stm32f3xx_hal_gpio.o
    0x08003080   0x00000008   Code   RO         3967    i.HAL_GPIO_TogglePin  stm32f3xx_hal_gpio.o
    0x08003088   0x0000000a   Code   RO         3968    i.HAL_GPIO_WritePin  stm32f3xx_hal_gpio.o
    0x08003092   0x00000002   PAD
    0x08003094   0x0000000c   Code   RO         4896    i.HAL_GetTick       stm32f3xx_hal.o
    0x080030a0   0x00000062   Code   RO         5253    i.HAL_IWDG_Init     stm32f3xx_hal_iwdg.o
    0x08003102   0x0000000e   Code   RO         5254    i.HAL_IWDG_Refresh  stm32f3xx_hal_iwdg.o
    0x08003110   0x00000010   Code   RO         4900    i.HAL_IncTick       stm32f3xx_hal.o
    0x08003120   0x00000028   Code   RO         4901    i.HAL_Init          stm32f3xx_hal.o
    0x08003148   0x00000088   Code   RO          872    i.HAL_InitTick      stm32f3xx_hal_timebase_tim.o
    0x080031d0   0x00000078   Code   RO          912    i.HAL_MspInit       stm32f3xx_hal_msp.o
    0x08003248   0x0000001a   Code   RO         3441    i.HAL_NVIC_EnableIRQ  stm32f3xx_hal_cortex.o
    0x08003262   0x0000007c   Code   RO         3447    i.HAL_NVIC_SetPriority  stm32f3xx_hal_cortex.o
    0x080032de   0x00000002   PAD
    0x080032e0   0x00000028   Code   RO         3448    i.HAL_NVIC_SetPriorityGrouping  stm32f3xx_hal_cortex.o
    0x08003308   0x00000116   Code   RO         5059    i.HAL_PCD_Init      stm32f3xx_hal_pcd.o
    0x0800341e   0x00000002   PAD
    0x08003420   0x00000058   Code   RO          789    i.HAL_PCD_MspInit   usb.o
    0x08003478   0x000002e8   Code   RO         4740    i.HAL_RCCEx_PeriphCLKConfig  stm32f3xx_hal_rcc_ex.o
    0x08003760   0x000002ec   Code   RO         4781    i.HAL_RCC_ClockConfig  stm32f3xx_hal_rcc.o
    0x08003a4c   0x00000044   Code   RO         4785    i.HAL_RCC_GetClockConfig  stm32f3xx_hal_rcc.o
    0x08003a90   0x0000000c   Code   RO         4786    i.HAL_RCC_GetHCLKFreq  stm32f3xx_hal_rcc.o
    0x08003a9c   0x0000002c   Code   RO         4788    i.HAL_RCC_GetPCLK1Freq  stm32f3xx_hal_rcc.o
    0x08003ac8   0x0000002c   Code   RO         4789    i.HAL_RCC_GetPCLK2Freq  stm32f3xx_hal_rcc.o
    0x08003af4   0x0000008c   Code   RO         4790    i.HAL_RCC_GetSysClockFreq  stm32f3xx_hal_rcc.o
    0x08003b80   0x00000a00   Code   RO         4793    i.HAL_RCC_OscConfig  stm32f3xx_hal_rcc.o
    0x08004580   0x00000028   Code   RO         3450    i.HAL_SYSTICK_CLKSourceConfig  stm32f3xx_hal_cortex.o
    0x080045a8   0x00000034   Code   RO         3452    i.HAL_SYSTICK_Config  stm32f3xx_hal_cortex.o
    0x080045dc   0x00000002   Code   RO         3576    i.HAL_TIMEx_Break2Callback  stm32f3xx_hal_tim_ex.o
    0x080045de   0x00000002   Code   RO         3577    i.HAL_TIMEx_BreakCallback  stm32f3xx_hal_tim_ex.o
    0x080045e0   0x00000002   Code   RO         3578    i.HAL_TIMEx_CommutationCallback  stm32f3xx_hal_tim_ex.o
    0x080045e2   0x00000002   PAD
    0x080045e4   0x0000006c   Code   RO         3595    i.HAL_TIMEx_MasterConfigSynchronization  stm32f3xx_hal_tim_ex.o
    0x08004650   0x00000034   Code   RO         4083    i.HAL_TIM_Base_Init  stm32f3xx_hal_tim.o
    0x08004684   0x0000002c   Code   RO          679    i.HAL_TIM_Base_MspInit  tim.o
    0x080046b0   0x0000001e   Code   RO         4088    i.HAL_TIM_Base_Start_IT  stm32f3xx_hal_tim.o
    0x080046ce   0x00000002   PAD
    0x080046d0   0x00000138   Code   RO         4092    i.HAL_TIM_ConfigClockSource  stm32f3xx_hal_tim.o
    0x08004808   0x00000002   Code   RO         4114    i.HAL_TIM_IC_CaptureCallback  stm32f3xx_hal_tim.o
    0x0800480a   0x000001b8   Code   RO         4127    i.HAL_TIM_IRQHandler  stm32f3xx_hal_tim.o
    0x080049c2   0x0000002e   Code   RO          680    i.HAL_TIM_MspPostInit  tim.o
    0x080049f0   0x00000002   Code   RO         4130    i.HAL_TIM_OC_DelayElapsedCallback  stm32f3xx_hal_tim.o
    0x080049f2   0x00000002   PAD
    0x080049f4   0x00000070   Code   RO         4135    i.HAL_TIM_OC_Start  stm32f3xx_hal_tim.o
    0x08004a64   0x00000174   Code   RO         3615    i.HAL_TIM_PWM_ConfigChannel  stm32f3xx_hal_tim_ex.o
    0x08004bd8   0x00000034   Code   RO         4154    i.HAL_TIM_PWM_Init  stm32f3xx_hal_tim.o
    0x08004c0c   0x00000002   Code   RO         4156    i.HAL_TIM_PWM_MspInit  stm32f3xx_hal_tim.o
    0x08004c0e   0x00000002   Code   RO         4157    i.HAL_TIM_PWM_PulseFinishedCallback  stm32f3xx_hal_tim.o
    0x08004c10   0x00000070   Code   RO         4158    i.HAL_TIM_PWM_Start  stm32f3xx_hal_tim.o
    0x08004c80   0x00000018   Code   RO          614    i.HAL_TIM_PeriodElapsedCallback  main.o
    0x08004c98   0x00000002   Code   RO         4168    i.HAL_TIM_TriggerCallback  stm32f3xx_hal_tim.o
    0x08004c9a   0x00000002   Code   RO         3207    i.HAL_UARTEx_WakeupCallback  stm32f3xx_hal_uart_ex.o
    0x08004c9c   0x00000002   Code   RO         2226    i.HAL_UART_AbortTransmitCpltCallback  stm32f3xx_hal_uart.o
    0x08004c9e   0x00000002   PAD
    0x08004ca0   0x00000070   Code   RO         2227    i.HAL_UART_AbortTransmit_IT  stm32f3xx_hal_uart.o
    0x08004d10   0x00000002   Code   RO         2233    i.HAL_UART_ErrorCallback  stm32f3xx_hal_uart.o
    0x08004d12   0x00000002   PAD
    0x08004d14   0x00000188   Code   RO         2236    i.HAL_UART_IRQHandler  stm32f3xx_hal_uart.o
    0x08004e9c   0x00000078   Code   RO         2237    i.HAL_UART_Init     stm32f3xx_hal_uart.o
    0x08004f14   0x00000068   Code   RO          831    i.HAL_UART_MspInit  usart.o
    0x08004f7c   0x000000f4   Code   RO         2240    i.HAL_UART_Receive  stm32f3xx_hal_uart.o
    0x08005070   0x000000a0   Code   RO         2242    i.HAL_UART_Receive_IT  stm32f3xx_hal_uart.o
    0x08005110   0x00000002   Code   RO         2243    i.HAL_UART_RxCpltCallback  stm32f3xx_hal_uart.o
    0x08005112   0x000000c6   Code   RO         2245    i.HAL_UART_Transmit  stm32f3xx_hal_uart.o
    0x080051d8   0x00000002   Code   RO         2248    i.HAL_UART_TxCpltCallback  stm32f3xx_hal_uart.o
    0x080051da   0x00000004   Code   RO          938    i.HardFault_Handler  stm32f3xx_it.o
    0x080051de   0x00000002   PAD
    0x080051e0   0x00000048   Code   RO          145    i.IIC_ACK           iic.o
    0x08005228   0x0000000c   Code   RO          146    i.IIC_Delay         iic.o
    0x08005234   0x00000048   Code   RO          148    i.IIC_NACK          iic.o
    0x0800527c   0x00000074   Code   RO          149    i.IIC_ReadBuffer    iic.o
    0x080052f0   0x00000060   Code   RO          150    i.IIC_ReadByte      iic.o
    0x08005350   0x00000062   Code   RO          151    i.IIC_SendBuffer    iic.o
    0x080053b2   0x00000002   PAD
    0x080053b4   0x00000068   Code   RO          152    i.IIC_SendByte      iic.o
    0x0800541c   0x00000058   Code   RO          153    i.IIC_SingleRead    iic.o
    0x08005474   0x00000058   Code   RO          155    i.IIC_Start         iic.o
    0x080054cc   0x00000048   Code   RO          156    i.IIC_Stop          iic.o
    0x08005514   0x0000005c   Code   RO          157    i.IIC_WaitACK       iic.o
    0x08005570   0x000000bc   Code   RO          245    i.LC12S_Init        lc12s.o
    0x0800562c   0x0000023c   Code   RO          247    i.LC12S_ReceiveAnalyze  lc12s.o
    0x08005868   0x00000024   Code   RO          248    i.LC12S_ReceiveAnalyzeAndGetData  lc12s.o
    0x0800588c   0x00000024   Code   RO          250    i.LC12S_Start       lc12s.o
    0x080058b0   0x000000c4   Code   RO          400    i.MPU6500_InitConfig  mpu6500.o
    0x08005974   0x00000020   Code   RO          401    i.MPU6500_check     mpu6500.o
    0x08005994   0x000002cc   Code   RO          402    i.MPU6500_eMPLEular  mpu6500.o
    0x08005c60   0x00000028   Code   RO          726    i.MX_FREERTOS_Init  freertos.o
    0x08005c88   0x000000dc   Code   RO         1012    i.MX_GPIO_Init      gpio.o
    0x08005d64   0x00000040   Code   RO         1036    i.MX_IWDG_Init      iwdg.o
    0x08005da4   0x000000ec   Code   RO          681    i.MX_TIM2_Init      tim.o
    0x08005e90   0x00000054   Code   RO          832    i.MX_USART1_UART_Init  usart.o
    0x08005ee4   0x00000048   Code   RO          790    i.MX_USB_PCD_Init   usb.o
    0x08005f2c   0x00000004   Code   RO          939    i.MemManage_Handler  stm32f3xx_it.o
    0x08005f30   0x00000304   Code   RO          569    i.Motor_Control     task_control.o
    0x08006234   0x00000064   Code   RO          365    i.Motor_Init        motor.o
    0x08006298   0x0000003c   Code   RO          366    i.Motor_SetSpeed    motor.o
    0x080062d4   0x00000002   Code   RO          940    i.NMI_Handler       stm32f3xx_it.o
    0x080062d6   0x00000002   PAD
    0x080062d8   0x00000010   Code   RO         3454    i.NVIC_GetPriorityGrouping  stm32f3xx_hal_cortex.o
    0x080062e8   0x00000028   Code   RO         3455    i.NVIC_SetPriority  stm32f3xx_hal_cortex.o
    0x08006310   0x000000fe   Code   RO            4    i.PID_Calculate     algorithm.o
    0x0800640e   0x00000002   PAD
    0x08006410   0x0000002c   Code   RO            5    i.PID_InitConfig    algorithm.o
    0x0800643c   0x00000008   Code   RO          941    i.SysTick_Handler   stm32f3xx_it.o
    0x08006444   0x000000b4   Code   RO          615    i.SystemClock_Config  main.o
    0x080064f8   0x0000007c   Code   RO         1071    i.SystemInit        system_stm32f3xx.o
    0x08006574   0x000000ac   Code   RO          727    i.SystemInitConfigTask  freertos.o
    0x08006620   0x00000010   Code   RO          942    i.TIM1_TRG_COM_TIM17_IRQHandler  stm32f3xx_it.o
    0x08006630   0x000000bc   Code   RO         4169    i.TIM_Base_SetConfig  stm32f3xx_hal_tim.o
    0x080066ec   0x0000001c   Code   RO         4170    i.TIM_CCxChannelCmd  stm32f3xx_hal_tim.o
    0x08006708   0x00000018   Code   RO         4176    i.TIM_ETR_SetConfig  stm32f3xx_hal_tim.o
    0x08006720   0x00000014   Code   RO         4177    i.TIM_ITRx_SetConfig  stm32f3xx_hal_tim.o
    0x08006734   0x000000b0   Code   RO         4178    i.TIM_OC1_SetConfig  stm32f3xx_hal_tim.o
    0x080067e4   0x000000bc   Code   RO         4179    i.TIM_OC2_SetConfig  stm32f3xx_hal_tim.o
    0x080068a0   0x000000b8   Code   RO         4180    i.TIM_OC3_SetConfig  stm32f3xx_hal_tim.o
    0x08006958   0x0000007c   Code   RO         4181    i.TIM_OC4_SetConfig  stm32f3xx_hal_tim.o
    0x080069d4   0x00000074   Code   RO         3618    i.TIM_OC5_SetConfig  stm32f3xx_hal_tim_ex.o
    0x08006a48   0x00000078   Code   RO         3619    i.TIM_OC6_SetConfig  stm32f3xx_hal_tim_ex.o
    0x08006ac0   0x0000002a   Code   RO         4183    i.TIM_TI1_ConfigInputStage  stm32f3xx_hal_tim.o
    0x08006aea   0x0000002c   Code   RO         4185    i.TIM_TI2_ConfigInputStage  stm32f3xx_hal_tim.o
    0x08006b16   0x000000ea   Code   RO         2250    i.UART_AdvFeatureConfig  stm32f3xx_hal_uart.o
    0x08006c00   0x00000074   Code   RO         2251    i.UART_CheckIdleState  stm32f3xx_hal_uart.o
    0x08006c74   0x00000018   Code   RO         2252    i.UART_DMAAbortOnError  stm32f3xx_hal_uart.o
    0x08006c8c   0x0000001a   Code   RO         2261    i.UART_DMATxOnlyAbortCallback  stm32f3xx_hal_uart.o
    0x08006ca6   0x00000020   Code   RO         2262    i.UART_EndRxTransfer  stm32f3xx_hal_uart.o
    0x08006cc6   0x00000020   Code   RO         2263    i.UART_EndTransmit_IT  stm32f3xx_hal_uart.o
    0x08006ce6   0x0000008a   Code   RO         2265    i.UART_Receive_IT   stm32f3xx_hal_uart.o
    0x08006d70   0x000002ec   Code   RO         2266    i.UART_SetConfig    stm32f3xx_hal_uart.o
    0x0800705c   0x0000006a   Code   RO         2267    i.UART_Transmit_IT  stm32f3xx_hal_uart.o
    0x080070c6   0x0000006c   Code   RO         2268    i.UART_WaitOnFlagUntilTimeout  stm32f3xx_hal_uart.o
    0x08007132   0x00000002   PAD
    0x08007134   0x00000010   Code   RO          943    i.USART1_IRQHandler  stm32f3xx_it.o
    0x08007144   0x00000004   Code   RO          944    i.UsageFault_Handler  stm32f3xx_it.o
    0x08007148   0x00000004   Code   RO          616    i._Error_Handler    main.o
    0x0800714c   0x00000008   Code   RO         5800    i._MLPrintLog       log.o
    0x08007154   0x00000026   Code   RO         7642    i.__ARM_fpclassifyf  m_wm.l(fpclassifyf.o)
    0x0800717a   0x00000002   PAD
    0x0800717c   0x00000118   Code   RO         7364    i.__hardfp_acosf    m_wm.l(acosf.o)
    0x08007294   0x00000250   Code   RO         7428    i.__hardfp_atan2f   m_wm.l(atan2f.o)
    0x080074e4   0x00000150   Code   RO         7458    i.__hardfp_cosf     m_wm.l(cosf.o)
    0x08007634   0x00000190   Code   RO         7522    i.__hardfp_sinf     m_wm.l(sinf.o)
    0x080077c4   0x0000003a   Code   RO         7546    i.__hardfp_sqrtf    m_wm.l(sqrtf.o)
    0x080077fe   0x00000006   Code   RO         7645    i.__mathlib_flt_infnan  m_wm.l(funder.o)
    0x08007804   0x00000006   Code   RO         7646    i.__mathlib_flt_infnan2  m_wm.l(funder.o)
    0x0800780a   0x00000002   PAD
    0x0800780c   0x00000010   Code   RO         7647    i.__mathlib_flt_invalid  m_wm.l(funder.o)
    0x0800781c   0x00000010   Code   RO         7650    i.__mathlib_flt_underflow  m_wm.l(funder.o)
    0x0800782c   0x00000154   Code   RO         7666    i.__mathlib_rredf2  m_wm.l(rredf.o)
    0x08007980   0x00000034   Code   RO         6828    i.__print_result_location  mpl.o
    0x080079b4   0x0000000e   Code   RO         7713    i.__scatterload_copy  mc_w.l(handlers.o)
    0x080079c2   0x00000002   Code   RO         7714    i.__scatterload_null  mc_w.l(handlers.o)
    0x080079c4   0x0000000e   Code   RO         7715    i.__scatterload_zeroinit  mc_w.l(handlers.o)
    0x080079d2   0x00000002   PAD
    0x080079d4   0x0000000c   Code   RO         7693    i.__set_errno       mc_w.l(errno.o)
    0x080079e0   0x00000010   Code   RO         7366    i.acosf             m_wm.l(acosf.o)
    0x080079f0   0x00000010   Code   RO         7460    i.cosf              m_wm.l(cosf.o)
    0x08007a00   0x0000006a   Code   RO         5895    i.inv_apply_calibration  data_builder.o
    0x08007a6a   0x00000002   PAD
    0x08007a6c   0x0000008c   Code   RO         5896    i.inv_build_accel   data_builder.o
    0x08007af8   0x00000038   Code   RO         5898    i.inv_build_gyro    data_builder.o
    0x08007b30   0x0000002c   Code   RO         5900    i.inv_build_temp    data_builder.o
    0x08007b5c   0x000000b0   Code   RO         6471    i.inv_compass_angle  ml_math_func.o
    0x08007c0c   0x00000072   Code   RO         6473    i.inv_convert_to_body_with_scale  ml_math_func.o
    0x08007c7e   0x00000002   PAD
    0x08007c80   0x00000050   Code   RO         5902    i.inv_db_load_func  data_builder.o
    0x08007cd0   0x00000018   Code   RO         5903    i.inv_db_save_func  data_builder.o
    0x08007ce8   0x00000010   Code   RO         5904    i.inv_disable_compass_soft_iron_matrix  data_builder.o
    0x08007cf8   0x0000001c   Code   RO         5813    i.inv_enable_eMPL_outputs  empl_outputs.o
    0x08007d14   0x00000020   Code   RO         6863    i.inv_enable_results_holder  results_holder.o
    0x08007d34   0x0000002c   Code   RO         7098    i.inv_execute_mpl_start_notification  start_manager.o
    0x08007d60   0x000000a0   Code   RO         5906    i.inv_execute_on_data  data_builder.o
    0x08007e00   0x000000f0   Code   RO         5814    i.inv_generate_eMPL_outputs  empl_outputs.o
    0x08007ef0   0x00000010   Code   RO         6864    i.inv_generate_results  results_holder.o
    0x08007f00   0x00000018   Code   RO         6865    i.inv_get_6axis_quaternion  results_holder.o
    0x08007f18   0x0000000c   Code   RO         6866    i.inv_get_acc_state  results_holder.o
    0x08007f24   0x0000000c   Code   RO         5907    i.inv_get_accel_accuracy  data_builder.o
    0x08007f30   0x00000010   Code   RO         5909    i.inv_get_accel_on  data_builder.o
    0x08007f40   0x0000002c   Code   RO         5913    i.inv_get_accel_set  data_builder.o
    0x08007f6c   0x00000018   Code   RO         6870    i.inv_get_compass_correction  results_holder.o
    0x08007f84   0x00000010   Code   RO         5916    i.inv_get_compass_on  data_builder.o
    0x08007f94   0x00000060   Code   RO         6872    i.inv_get_gravity   results_holder.o
    0x08007ff4   0x00000010   Code   RO         5924    i.inv_get_gyro      data_builder.o
    0x08008004   0x0000000c   Code   RO         5925    i.inv_get_gyro_accuracy  data_builder.o
    0x08008010   0x00000024   Code   RO         5926    i.inv_get_gyro_bias  data_builder.o
    0x08008034   0x00000020   Code   RO         5927    i.inv_get_gyro_bias_tc_set  data_builder.o
    0x08008054   0x00000010   Code   RO         5928    i.inv_get_gyro_on   data_builder.o
    0x08008064   0x0000001c   Code   RO         6477    i.inv_get_gyro_sum_of_sqr  ml_math_func.o
    0x08008080   0x00000068   Code   RO         5934    i.inv_get_last_timestamp  data_builder.o
    0x080080e8   0x0000003c   Code   RO         6876    i.inv_get_linear_accel  results_holder.o
    0x08008124   0x00000010   Code   RO         6878    i.inv_get_local_field  results_holder.o
    0x08008134   0x0000001c   Code   RO         5935    i.inv_get_mag_accuracy  data_builder.o
    0x08008150   0x00000014   Code   RO         6880    i.inv_get_motion_state  results_holder.o
    0x08008164   0x0000003c   Code   RO         6881    i.inv_get_quaternion  results_holder.o
    0x080081a0   0x00000044   Code   RO         6883    i.inv_get_quaternion_set  results_holder.o
    0x080081e4   0x00000268   Code   RO         5817    i.inv_get_sensor_type_euler  empl_outputs.o
    0x0800844c   0x0000000c   Code   RO         6885    i.inv_got_compass_bias  results_holder.o
    0x08008458   0x0000003c   Code   RO         5938    i.inv_init_data_builder  data_builder.o
    0x08008494   0x00000014   Code   RO         5822    i.inv_init_eMPL_outputs  empl_outputs.o
    0x080084a8   0x00000084   Code   RO         6830    i.inv_init_mpl      mpl.o
    0x0800852c   0x0000003c   Code   RO         6886    i.inv_init_results_holder  results_holder.o
    0x08008568   0x00000014   Code   RO         7099    i.inv_init_start_manager  start_manager.o
    0x0800857c   0x00000018   Code   RO         7132    i.inv_init_storage_manager  storage_manager.o
    0x08008594   0x00000028   Code   RO         6486    i.inv_orientation_matrix_to_scalar  ml_math_func.o
    0x080085bc   0x00000012   Code   RO         6487    i.inv_q29_mult      ml_math_func.o
    0x080085ce   0x00000012   Code   RO         6489    i.inv_q30_mult      ml_math_func.o
    0x080085e0   0x00000018   Code   RO         6491    i.inv_q30_to_float  ml_math_func.o
    0x080085f8   0x00000024   Code   RO         6492    i.inv_q_add         ml_math_func.o
    0x0800861c   0x00000042   Code   RO         6493    i.inv_q_addf        ml_math_func.o
    0x0800865e   0x00000018   Code   RO         6494    i.inv_q_invert      ml_math_func.o
    0x08008676   0x0000002e   Code   RO         6495    i.inv_q_invertf     ml_math_func.o
    0x080086a4   0x000000b2   Code   RO         6496    i.inv_q_mult        ml_math_func.o
    0x08008756   0x000000d2   Code   RO         6497    i.inv_q_multf       ml_math_func.o
    0x08008828   0x000000a8   Code   RO         6498    i.inv_q_norm4       ml_math_func.o
    0x080088d0   0x00000134   Code   RO         6500    i.inv_q_normalizef  ml_math_func.o
    0x08008a04   0x00000042   Code   RO         6501    i.inv_q_rotate      ml_math_func.o
    0x08008a46   0x000000da   Code   RO         6503    i.inv_quaternion_to_rotation  ml_math_func.o
    0x08008b20   0x000000f8   Code   RO         5941    i.inv_register_data_cb  data_builder.o
    0x08008c18   0x00000090   Code   RO         7134    i.inv_register_load_store  storage_manager.o
    0x08008ca8   0x0000002c   Code   RO         7100    i.inv_register_mpl_start_notification  start_manager.o
    0x08008cd4   0x00000058   Code   RO         5942    i.inv_reset_compass_soft_iron_matrix  data_builder.o
    0x08008d2c   0x0000004e   Code   RO         6505    i.inv_row_2_scale   ml_math_func.o
    0x08008d7a   0x00000002   PAD
    0x08008d7c   0x00000018   Code   RO         5947    i.inv_set_accel_orientation_and_scale  data_builder.o
    0x08008d94   0x0000002c   Code   RO         5948    i.inv_set_accel_sample_rate  data_builder.o
    0x08008dc0   0x0000000c   Code   RO         6891    i.inv_set_compass_bias_found  results_holder.o
    0x08008dcc   0x00000024   Code   RO         6892    i.inv_set_compass_correction  results_holder.o
    0x08008df0   0x0000000c   Code   RO         5951    i.inv_set_compass_disturbance  data_builder.o
    0x08008dfc   0x00000120   Code   RO         5957    i.inv_set_contiguous  data_builder.o
    0x08008f1c   0x00000074   Code   RO         5959    i.inv_set_gyro_bias  data_builder.o
    0x08008f90   0x00000018   Code   RO         5960    i.inv_set_gyro_orientation_and_scale  data_builder.o
    0x08008fa8   0x00000028   Code   RO         5961    i.inv_set_gyro_sample_rate  data_builder.o
    0x08008fd0   0x0000001c   Code   RO         6446    i.inv_set_message   message_layer.o
    0x08008fec   0x00000050   Code   RO         6898    i.inv_set_motion_state  results_holder.o
    0x0800903c   0x00000014   Code   RO         5823    i.inv_start_eMPL_outputs  empl_outputs.o
    0x08009050   0x00000040   Code   RO         6831    i.inv_start_mpl     mpl.o
    0x08009090   0x00000018   Code   RO         6899    i.inv_start_results_holder  results_holder.o
    0x080090a8   0x00000024   Code   RO         6900    i.inv_store_gaming_quaternion  results_holder.o
    0x080090cc   0x00000064   Code   RO         5964    i.inv_unregister_data_cb  data_builder.o
    0x08009130   0x00000060   Code   RO         7101    i.inv_unregister_mpl_start_notification  start_manager.o
    0x08009190   0x00000024   Code   RO          617    i.main              main.o
    0x080091b4   0x0000000e   Code   RO         1731    i.makeFreeRtosPriority  cmsis_os.o
    0x080091c2   0x00000014   Code   RO          403    i.mpu_accel_lpfset  mpu6500.o
    0x080091d6   0x00000002   PAD
    0x080091d8   0x00000070   Code   RO         5287    i.mpu_configure_fifo  inv_mpu.o
    0x08009248   0x0000004c   Code   RO         5288    i.mpu_get_accel_fsr  inv_mpu.o
    0x08009294   0x00000074   Code   RO         5289    i.mpu_get_accel_reg  inv_mpu.o
    0x08009308   0x00000044   Code   RO         5296    i.mpu_get_gyro_fsr  inv_mpu.o
    0x0800934c   0x00000074   Code   RO         5297    i.mpu_get_gyro_reg  inv_mpu.o
    0x080093c0   0x00000020   Code   RO         5302    i.mpu_get_sample_rate  inv_mpu.o
    0x080093e0   0x0000009c   Code   RO         5303    i.mpu_get_temperature  inv_mpu.o
    0x0800947c   0x00000120   Code   RO         5304    i.mpu_init          inv_mpu.o
    0x0800959c   0x0000011c   Code   RO         5306    i.mpu_lp_accel_mode  inv_mpu.o
    0x080096b8   0x000001c8   Code   RO         5316    i.mpu_reset_fifo    inv_mpu.o
    0x08009880   0x00000084   Code   RO         5321    i.mpu_set_accel_fsr  inv_mpu.o
    0x08009904   0x0000014c   Code   RO         5322    i.mpu_set_bypass    inv_mpu.o
    0x08009a50   0x00000088   Code   RO         5326    i.mpu_set_gyro_fsr  inv_mpu.o
    0x08009ad8   0x0000006c   Code   RO         5327    i.mpu_set_int_latched  inv_mpu.o
    0x08009b44   0x00000084   Code   RO         5329    i.mpu_set_lpf       inv_mpu.o
    0x08009bc8   0x0000009c   Code   RO         5330    i.mpu_set_sample_rate  inv_mpu.o
    0x08009c64   0x000000d0   Code   RO         5331    i.mpu_set_sensors   inv_mpu.o
    0x08009d34   0x00000018   Code   RO         1733    i.osDelay           cmsis_os.o
    0x08009d4c   0x0000000a   Code   RO         1736    i.osKernelStart     cmsis_os.o
    0x08009d56   0x00000010   Code   RO         1769    i.osSystickHandler  cmsis_os.o
    0x08009d66   0x00000030   Code   RO         1770    i.osThreadCreate    cmsis_os.o
    0x08009d96   0x00000002   PAD
    0x08009d98   0x00000098   Code   RO         1181    i.prvAddCurrentTaskToDelayedList  tasks.o
    0x08009e30   0x000000b4   Code   RO         1182    i.prvAddNewTaskToReadyList  tasks.o
    0x08009ee4   0x00000064   Code   RO         1183    i.prvCheckTasksWaitingTermination  tasks.o
    0x08009f48   0x00000012   Code   RO         1184    i.prvDeleteTCB      tasks.o
    0x08009f5a   0x00000002   PAD
    0x08009f5c   0x0000007c   Code   RO         1119    i.prvHeapInit       heap_4.o
    0x08009fd8   0x00000028   Code   RO         1185    i.prvIdleTask       tasks.o
    0x0800a000   0x000000b4   Code   RO         1186    i.prvInitialiseNewTask  tasks.o
    0x0800a0b4   0x00000068   Code   RO         1187    i.prvInitialiseTaskLists  tasks.o
    0x0800a11c   0x00000068   Code   RO         1120    i.prvInsertBlockIntoFreeList  heap_4.o
    0x0800a184   0x00000034   Code   RO         1188    i.prvResetNextTaskUnblockTime  tasks.o
    0x0800a1b8   0x00000040   Code   RO         2096    i.prvTaskExitError  port.o
    0x0800a1f8   0x0000013c   Code   RO         1121    i.pvPortMalloc      heap_4.o
    0x0800a334   0x0000002c   Code   RO         2097    i.pxPortInitialiseStack  port.o
    0x0800a360   0x00000090   Code   RO         5333    i.set_int_enable    inv_mpu.o
    0x0800a3f0   0x00000006   Code   RO         5965    i.set_sensor_orientation_and_scale  data_builder.o
    0x0800a3f6   0x00000010   Code   RO         7524    i.sinf              m_wm.l(sinf.o)
    0x0800a406   0x0000003e   Code   RO         7548    i.sqrtf             m_wm.l(sqrtf.o)
    0x0800a444   0x00000148   Code   RO          570    i.task_Control      task_control.o
    0x0800a58c   0x00000028   Code   RO         2172    i.uxListRemove      list.o
    0x0800a5b4   0x0000001a   Code   RO         2173    i.vListInitialise   list.o
    0x0800a5ce   0x00000006   Code   RO         2174    i.vListInitialiseItem  list.o
    0x0800a5d4   0x00000034   Code   RO         2175    i.vListInsert       list.o
    0x0800a608   0x00000018   Code   RO         2176    i.vListInsertEnd    list.o
    0x0800a620   0x00000054   Code   RO         2099    i.vPortEnterCritical  port.o
    0x0800a674   0x0000003c   Code   RO         2100    i.vPortExitCritical  port.o
    0x0800a6b0   0x00000094   Code   RO         1122    i.vPortFree         heap_4.o
    0x0800a744   0x00000020   Code   RO         2101    i.vPortSetupTimerInterrupt  port.o
    0x0800a764   0x0000005c   Code   RO         1198    i.vTaskDelay        tasks.o
    0x0800a7c0   0x000000d4   Code   RO         1199    i.vTaskDelayUntil   tasks.o
    0x0800a894   0x000000f4   Code   RO         1200    i.vTaskDelete       tasks.o
    0x0800a988   0x00000088   Code   RO         1210    i.vTaskStartScheduler  tasks.o
    0x0800aa10   0x00000010   Code   RO         1212    i.vTaskSuspendAll   tasks.o
    0x0800aa20   0x0000008c   Code   RO         1213    i.vTaskSwitchContext  tasks.o
    0x0800aaac   0x0000013c   Code   RO         2103    i.xPortStartScheduler  port.o
    0x0800abe8   0x00000034   Code   RO         2104    i.xPortSysTickHandler  port.o
    0x0800ac1c   0x00000060   Code   RO         1215    i.xTaskCreate       tasks.o
    0x0800ac7c   0x00000020   Code   RO         1219    i.xTaskGetSchedulerState  tasks.o
    0x0800ac9c   0x0000000c   Code   RO         1220    i.xTaskGetTickCount  tasks.o
    0x0800aca8   0x00000148   Code   RO         1222    i.xTaskIncrementTick  tasks.o
    0x0800adf0   0x00000104   Code   RO         1228    i.xTaskResumeAll    tasks.o
    0x0800aef4   0x00000001   Data   RO          572    .constdata          task_control.o
    0x0800aef5   0x00000003   PAD
    0x0800aef8   0x00000028   Data   RO          728    .constdata          freertos.o
    0x0800af20   0x00000018   Data   RO         1072    .constdata          system_stm32f3xx.o
    0x0800af38   0x00000020   Data   RO         4794    .constdata          stm32f3xx_hal_rcc.o
    0x0800af58   0x0000025c   Data   RO         5334    .constdata          inv_mpu.o
    0x0800b1b4   0x0000002f   Data   RO         6832    .constdata          mpl.o
    0x0800b1e3   0x00000001   PAD
    0x0800b1e4   0x00000020   Data   RO         7667    .constdata          m_wm.l(rredf.o)
    0x0800b204   0x00000009   Data   RO          404    .conststring        mpu6500.o
    0x0800b20d   0x00000003   PAD
    0x0800b210   0x00000013   Data   RO          729    .conststring        freertos.o
    0x0800b223   0x00000001   PAD
    0x0800b224   0x00000044   Data   RO         5967    .conststring        data_builder.o
    0x0800b268   0x00000020   Data   RO         7711    Region$$Table       anon$$obj.o


    Execution Region RW_IRAM1 (Base: 0x20000000, Size: 0x00002508, Max: 0x0000a000, ABSOLUTE)

    Base Addr    Size         Type   Attr      Idx    E Section Name        Object

    0x20000000   0x0000001b   Data   RW          252    .data               lc12s.o
    0x2000001b   0x00000001   PAD
    0x2000001c   0x0000002c   Data   RW          405    .data               mpu6500.o
    0x20000048   0x00000016   Data   RW          573    .data               task_control.o
    0x2000005e   0x00000002   PAD
    0x20000060   0x00000008   Data   RW          730    .data               freertos.o
    0x20000068   0x00000004   Data   RW         1073    .data               system_stm32f3xx.o
    0x2000006c   0x00000018   Data   RW         1127    .data               heap_4.o
    0x20000084   0x0000003c   Data   RW         1231    .data               tasks.o
    0x200000c0   0x0000000c   Data   RW         2105    .data               port.o
    0x200000cc   0x00000004   Data   RW         4907    .data               stm32f3xx_hal.o
    0x200000d0   0x0000002c   Data   RW         5335    .data               inv_mpu.o
    0x200000fc   0x00000004   Data   RW         6447    .data               message_layer.o
    0x20000100   0x00000004   Data   RW         7694    .data               mc_w.l(errno.o)
    0x20000104   0x000000e0   Zero   RW          251    .bss                lc12s.o
    0x200001e4   0x00000154   Zero   RW          571    .bss                task_control.o
    0x20000338   0x00000040   Zero   RW          682    .bss                tim.o
    0x20000378   0x000003a8   Zero   RW          791    .bss                usb.o
    0x20000720   0x00000070   Zero   RW          833    .bss                usart.o
    0x20000790   0x00000040   Zero   RW          875    .bss                stm32f3xx_hal_timebase_tim.o
    0x200007d0   0x00000010   Zero   RW         1037    .bss                iwdg.o
    0x200007e0   0x00000c00   Zero   RW         1126    .bss                heap_4.o
    0x200013e0   0x000000f0   Zero   RW         1230    .bss                tasks.o
    0x200014d0   0x00000028   Zero   RW         5825    .bss                empl_outputs.o
    0x200014f8   0x000002d8   Zero   RW         5966    .bss                data_builder.o
    0x200017d0   0x00000088   Zero   RW         6901    .bss                results_holder.o
    0x20001858   0x00000054   Zero   RW         7102    .bss                start_manager.o
    0x200018ac   0x00000198   Zero   RW         7136    .bss                storage_manager.o
    0x20001a44   0x00000004   PAD
    0x20001a48   0x000002a0   Zero   RW         7174    .bss                libmpllib.lib(fast_no_motion.o)
    0x20001ce8   0x00000138   Zero   RW         7265    .bss                libmpllib.lib(fusion_9axis.o)
    0x20001e20   0x000001c4   Zero   RW         7290    .bss                libmpllib.lib(gyro_tc.o)
    0x20001fe4   0x0000006c   Zero   RW         7311    .bss                libmpllib.lib(quaternion_supervisor.o)
    0x20002050   0x000000b8   Zero   RW         7329    .bss                libmpllib.lib(mag_disturb.o)
    0x20002108   0x00000400   Zero   RW         1060    STACK               startup_stm32f303xc.o


==============================================================================

Image component sizes


      Code (inc. data)   RO Data    RW Data    ZI Data      Debug   Object Name

       298          6          0          0          0     588129   algorithm.o
       112          0          0          0          0      12982   cmsis_os.o
      2008        212         68          0        728      19998   data_builder.o
       924         48          0          0         40       4334   empl_outputs.o
       212         28         59          8          0       2201   freertos.o
       220         10          0          0          0        931   gpio.o
       692         62          0         24       3072       7299   heap_4.o
       910         30          0          0          0       7339   iic.o
      3052        102        604         44          0      17913   inv_mpu.o
        64         26          0          0         16        659   iwdg.o
       832         50          0         27        224      26115   lc12s.o
       148          0          0          0          0       3534   list.o
         8          0          0          0          0        630   log.o
       244         28          0          0          0       2641   main.o
        28          4          0          4          0       1154   message_layer.o
      1816         24          0          0          0      13112   ml_math_func.o
       160         12          0          0          0       1102   motor.o
       248         76         47          0          0       2456   mpl.o
       964         48          9         44          0      13722   mpu6500.o
       838         78          0         12          0      11044   port.o
       688         92          0          0        136      11890   results_holder.o
       204         20          0          0         84       3212   start_manager.o
        36          8        392          0       1024        800   startup_stm32f303xc.o
        68         16          0          4          0       2540   stm32f3xx_hal.o
       338         22          0          0          0      31465   stm32f3xx_hal_cortex.o
        88          0          0          0          0       1047   stm32f3xx_hal_dma.o
       494         28          0          0          0       3516   stm32f3xx_hal_gpio.o
       112          0          0          0          0       1743   stm32f3xx_hal_iwdg.o
       120          6          0          0          0        842   stm32f3xx_hal_msp.o
       278          0          0          0          0       1283   stm32f3xx_hal_pcd.o
      3616        100         32          0          0       6957   stm32f3xx_hal_rcc.o
       744         14          0          0          0       1592   stm32f3xx_hal_rcc_ex.o
      2138        172          0          0          0      15991   stm32f3xx_hal_tim.o
       722         60          0          0          0       5465   stm32f3xx_hal_tim_ex.o
       136         18          0          0         64       1481   stm32f3xx_hal_timebase_tim.o
      2798         44          0          0          0      15345   stm32f3xx_hal_uart.o
         2          0          0          0          0        948   stm32f3xx_hal_uart_ex.o
        60         12          0          0          0       4159   stm32f3xx_it.o
       168         10          0          0        408       2385   storage_manager.o
       124         20         24          4          0       1147   system_stm32f3xx.o
      1100        114          1         22        340       1883   task_control.o
      2394        338          0         60        240      26970   tasks.o
       326         26          0          0         64       2284   tim.o
         0          0          0          0          0       1472   timers.o
       188         34          0          0        112       1610   usart.o
       160         34          0          0        936       1578   usb.o

    ----------------------------------------------------------------------
     30922       2032       1276        256       7492     886900   Object Totals
         0          0         32          0          0          0   (incl. Generated)
        42          0          8          3          4          0   (incl. Padding)

    ----------------------------------------------------------------------

      Code (inc. data)   RO Data    RW Data    ZI Data      Debug   Library Member Name

      2548         42          0          0        672      19752   fast_no_motion.o
      1628         54          0          0        312       5308   fusion_9axis.o
      1212         30          0          0        452       5515   gyro_tc.o
      1360         46          0          0        184       7270   mag_disturb.o
      2368        102          0          0        108       5409   quaternion_supervisor.o
       296         46          0          0          0        300   acosf.o
       592         90          0          0          0        184   atan2f.o
       352         56          0          0          0        260   cosf.o
        38          0          0          0          0        116   fpclassifyf.o
        44         12          0          0          0        464   funder.o
       340         24         32          0          0        160   rredf.o
       416         56          0          0          0        336   sinf.o
       120          0          0          0          0        272   sqrtf.o
         0          0          0          0          0          0   entry.o
         0          0          0          0          0          0   entry10a.o
         0          0          0          0          0          0   entry11a.o
         8          4          0          0          0          0   entry2.o
         4          0          0          0          0          0   entry5.o
         0          0          0          0          0          0   entry7b.o
         0          0          0          0          0          0   entry8b.o
         8          4          0          0          0          0   entry9a.o
        12          6          0          4          0         68   errno.o
        30          0          0          0          0          0   handlers.o
        36          8          0          0          0         68   init.o
         0          0          0          0          0          0   iusefp.o
        98          0          0          0          0         84   ldiv.o
        30          0          0          0          0         68   llshl.o
        36          0          0          0          0         68   llsshr.o
        32          0          0          0          0         68   llushr.o
        26          0          0          0          0         80   memcmp.o
        64          0          0          0          0         76   memmovea.o
        36          0          0          0          0        108   memseta.o
        98          0          0          0          0         92   uldiv.o
        20          0          0          0          0         68   cfcmple.o
        20          0          0          0          0         68   cfrcmple.o
        56          0          0          0          0         88   d2f.o
       222          0          0          0          0        100   ddiv.o
       186          0          0          0          0        176   depilogue.o
        62          0          0          0          0         80   dfixi.o
        34          0          0          0          0         76   dflti.o
       228          0          0          0          0         96   dmul.o
        46          0          0          0          0         80   dscalb.o
        38          0          0          0          0         68   f2d.o
       176          0          0          0          0        140   fadd.o
       124          0          0          0          0         88   fdiv.o
       110          0          0          0          0        168   fepilogue.o
        50          0          0          0          0         68   ffixi.o
        66          0          0          0          0         76   ffixl.o
        18          0          0          0          0         68   fflti.o
        44          0          0          0          0         92   ffltl.o
        10          0          0          0          0         68   ffltui.o
       100          0          0          0          0         76   fmul.o
        24          0          0          0          0         68   fscalb.o

    ----------------------------------------------------------------------
     13474        580         32          4       1728      47938   Library Totals
         8          0          0          0          0          0   (incl. Padding)

    ----------------------------------------------------------------------

      Code (inc. data)   RO Data    RW Data    ZI Data      Debug   Library Name

      9116        274          0          0       1728      43254   libmpllib.lib
      2198        284         32          0          0       2092   m_wm.l
       518         22          0          4          0        780   mc_w.l
      1634          0          0          0          0       1812   mf_w.l

    ----------------------------------------------------------------------
     13474        580         32          4       1728      47938   Library Totals

    ----------------------------------------------------------------------

==============================================================================


      Code (inc. data)   RO Data    RW Data    ZI Data      Debug   

     44396       2612       1308        260       9220     905358   Grand Totals
     44396       2612       1308        260       9220     905358   ELF Image Totals
     44396       2612       1308        260          0          0   ROM Totals

==============================================================================

    Total RO  Size (Code + RO Data)                45704 (  44.63kB)
    Total RW  Size (RW Data + ZI Data)              9480 (   9.26kB)
    Total ROM Size (Code + RO Data + RW Data)      45964 (  44.89kB)

==============================================================================

